******************************************************************************
             TMS320C2000 Linker PC v22.6.2                     
******************************************************************************
>> Linked Tue Sep 16 12:22:28 2025

OUTPUT FILE NAME:   <InterleavedPSU_EvalBoard_F2800155.out>
ENTRY POINT SYMBOL: "code_start"  address: 0000012c


MEMORY CONFIGURATION

         name            origin    length      used     unused   attr    fill
----------------------  --------  ---------  --------  --------  ----  --------
PAGE 0:
  RAMM0_BEGIN           00000000   00000002  00000000  00000002  RWIX
  RAMM0                 00000128   000002d8  0000003c  0000029c  RWIX
  RAMM1                 00000400   000003f8  00000200  000001f8  RWIX
  RAMLS_ALL             00008000   00003ff8  000025af  00001a49  RWIX
  FLASH_BANK0_SEC_0_7   00080000   00002000  00000000  00002000  RWIX
  FLASH_BANK0_SEC_8_15  00082000   00002000  00000000  00002000  RWIX
  FLASH_BANK0_SEC_16_23 00084000   00002000  00000000  00002000  RWIX
  FLASH_BANK0_SEC_24_31 00086000   00002000  00000000  00002000  RWIX
  FLASH_BANK0_SEC_32_29 00088000   00002000  00000000  00002000  RWIX
  FLASH_BANK0_SEC_40_47 0008a000   00002000  00000000  00002000  RWIX
  FLASH_BANK0_SEC_48_55 0008c000   00002000  00000000  00002000  RWIX
  FLASH_BANK0_SEC_56_63 0008e000   00002000  00000000  00002000  RWIX
  FLASH_BANK0_SEC_64_71 00090000   00002000  00000000  00002000  RWIX
  FLASH_BANK0_SEC_72_79 00092000   00002000  00000000  00002000  RWIX
  FLASH_BANK0_SEC_80_87 00094000   00002000  00000000  00002000  RWIX
  FLASH_BANK0_SEC_88_95 00096000   00002000  00000000  00002000  RWIX
  FLASH_BANK0_SEC_96_10 00098000   00002000  00000000  00002000  RWIX
  FLASH_BANK0_SEC_104_1 0009a000   00002000  00000000  00002000  RWIX
  FLASH_BANK0_SEC_112_1 0009c000   00002000  00000000  00002000  RWIX
  FLASH_BANK0_SEC_120_1 0009e000   00001ff0  00000000  00001ff0  RWIX
  RESET                 003fffc0   00000002  00000000  00000002  RWIX

PAGE 1:
  ADCARESULT            00000b00   00000018  00000018  00000000  RWIX
  ADCCRESULT            00000b40   00000018  00000000  00000018  RWIX
  CPUTIMER0             00000c00   00000008  00000000  00000008  RWIX
  CPUTIMER1             00000c08   00000008  00000000  00000008  RWIX
  CPUTIMER2             00000c10   00000008  00000000  00000008  RWIX
  PIECTRL               00000ce0   0000001a  00000000  0000001a  RWIX
  PIEVECTTABLE          00000d00   00000200  00000000  00000200  RWIX
  EPWM1                 00004000   00000100  00000100  00000000  RWIX
  EPWM2                 00004100   00000100  00000100  00000000  RWIX
  EPWM3                 00004200   00000100  00000100  00000000  RWIX
  EPWM4                 00004300   00000100  00000100  00000000  RWIX
  EPWM5                 00004400   00000100  00000000  00000100  RWIX
  EPWM6                 00004500   00000100  00000000  00000100  RWIX
  EPWM7                 00004600   00000100  00000000  00000100  RWIX
  EQEP1                 00005100   00000040  00000000  00000040  RWIX
  EQEP2                 00005140   00000040  00000000  00000040  RWIX
  ECAP1                 00005200   00000020  00000000  00000020  RWIX
  ECAP2                 00005240   00000020  00000000  00000020  RWIX
  ECAP3                 00005280   00000020  00000000  00000020  RWIX
  CMPSS1                00005500   00000040  00000000  00000040  RWIX
  CMPSSLITE2            00005540   00000040  00000000  00000040  RWIX
  CMPSSLITE3            00005580   00000040  0000003a  00000006  RWIX
  CMPSSLITE4            000055c0   00000040  00000000  00000040  RWIX
  SPIA                  00006100   00000010  00000000  00000010  RWIX
  PMBUSA                00006400   00000020  00000000  00000020  RWIX
  LINA                  00006a00   000000ec  00000000  000000ec  RWIX
  WD                    00007000   0000002c  00000000  0000002c  RWIX
  NMIINTRUPT            00007060   00000010  00000000  00000010  RWIX
  XINT                  00007070   0000000c  00000000  0000000c  RWIX
  SCIA                  00007200   00000010  00000000  00000010  RWIX
  SCIB                  00007210   00000010  00000000  00000010  RWIX
  SCIC                  00007220   00000010  00000000  00000010  RWIX
  I2CA                  00007300   00000022  00000000  00000022  RWIX
  I2CB                  00007340   00000022  00000000  00000022  RWIX
  ADCA                  00007400   00000080  00000076  0000000a  RWIX
  ADCC                  00007500   00000080  00000000  00000080  RWIX
  INPUTXBAR             00007900   00000020  00000000  00000020  RWIX
  XBAR                  00007920   00000020  00000000  00000020  RWIX
  SYNCSOC               00007940   00000006  00000000  00000006  RWIX
  EPWMXBAR              00007a00   00000040  00000000  00000040  RWIX
  OUTPUTXBAR            00007a80   00000040  00000000  00000040  RWIX
  GPIOCTRL              00007c00   00000200  00000000  00000200  RWIX
  GPIODATA              00007f00   00000040  00000000  00000040  RWIX
  GPIODATAREAD          00007f80   00000010  00000000  00000010  RWIX
  CANA                  00048000   00000200  00000000  00000200  RWIX
  LCMCPU1               0004c000   00000180  00000000  00000180  RWIX
  MCANASS               0005c400   0000002c  00000000  0000002c  RWIX
  MCANA                 0005c600   00000100  00000000  00000100  RWIX
  MCANAERROR            0005c800   00000210  00000000  00000210  RWIX
  DEVCFG                0005d000   000001ac  00000000  000001ac  RWIX
  CLKCFG                0005d200   00000100  00000000  00000100  RWIX
  CPUSYS                0005d300   00000100  000000b0  00000050  RWIX
  SYSSTATUS             0005d400   00000040  00000000  00000040  RWIX
  ANALOGSUBSYS          0005d700   0000012a  00000000  0000012a  RWIX
  DCC0                  0005e700   00000038  00000000  00000038  RWIX
  EPG1                  0005ec00   00000050  00000000  00000050  RWIX
  EPG1MUX               0005ecd0   00000010  00000000  00000010  RWIX
  DCSMZ1                0005f000   0000003e  00000000  0000003e  RWIX
  DCSMZ2                0005f080   0000003e  00000000  0000003e  RWIX
  DCSMCOMMON            0005f0c0   00000040  00000000  00000040  RWIX
  MEMCFG                0005f400   000000c0  00000000  000000c0  RWIX
  ACCESSPROTECTION      0005f500   0000003e  00000000  0000003e  RWIX
  MEMORYERROR           0005f540   00000040  00000000  00000040  RWIX
  TESTERROR             0005f590   00000010  00000000  00000010  RWIX
  FLASH0CTRL            0005f800   00000182  00000000  00000182  RWIX
  FLASH0ECC             0005fb00   00000028  00000000  00000028  RWIX
  UID                   00071140   00000010  00000000  00000010  RWIX
  DCSMZ1OTP             00078000   00000020  00000000  00000020  RWIX
  DCSMZ2OTP             00078200   00000020  00000000  00000020  RWIX


SECTION ALLOCATION MAP

 output                                  attributes/
section   page    origin      length       input sections
--------  ----  ----------  ----------   ----------------
.TI.ramfunc 
*          0    00000128    00000004     
                  00000128    00000004     driverlib.lib : sysctl.obj (.TI.ramfunc)

.cinit     0    0000012e    00000036     
                  0000012e    00000023     (.cinit..data.load) [load image, compression = lzss]
                  00000151    00000001     --HOLE-- [fill = 0]
                  00000152    00000006     (__TI_handler_table)
                  00000158    00000004     (.cinit..bss.load) [load image, compression = zero_init]
                  0000015c    00000008     (__TI_cinit_table)

.stack     0    00000400    00000200     UNINITIALIZED
                  00000400    00000200     --HOLE--

AdcaRegsFile 
*          1    00007400    00000076     UNINITIALIZED
                  00007400    00000076     f280015x_globalvariabledefs.obj (AdcaRegsFile)

AdcaResultRegsFile 
*          1    00000b00    00000018     UNINITIALIZED
                  00000b00    00000018     f280015x_globalvariabledefs.obj (AdcaResultRegsFile)

CmpssLite3RegsFile 
*          1    00005580    0000003a     UNINITIALIZED
                  00005580    0000003a     f280015x_globalvariabledefs.obj (CmpssLite3RegsFile)

CpuSysRegsFile 
*          1    0005d300    000000b0     UNINITIALIZED
                  0005d300    000000b0     f280015x_globalvariabledefs.obj (CpuSysRegsFile)

EPwm1RegsFile 
*          1    00004000    00000100     UNINITIALIZED
                  00004000    00000100     f280015x_globalvariabledefs.obj (EPwm1RegsFile)

EPwm2RegsFile 
*          1    00004100    00000100     UNINITIALIZED
                  00004100    00000100     f280015x_globalvariabledefs.obj (EPwm2RegsFile)

EPwm3RegsFile 
*          1    00004200    00000100     UNINITIALIZED
                  00004200    00000100     f280015x_globalvariabledefs.obj (EPwm3RegsFile)

EPwm4RegsFile 
*          1    00004300    00000100     UNINITIALIZED
                  00004300    00000100     f280015x_globalvariabledefs.obj (EPwm4RegsFile)

.reset     0    003fffc0    00000000     DSECT

.text      0    00008477    0000201c     
                  00008477    00000424     board.obj (.text:EPWM_init)
                  0000889b    00000123     main.obj (.text:DCL_current_loop_C7)
                  000089be    00000123     driverlib.lib : sysctl.obj (.text:SysCtl_setClock)
                  00008ae1    000000ea                   : sysctl.obj (.text:SysCtl_isPLLValid)
                  00008bcb    000000ac                   : gpio.obj (.text:GPIO_setAnalogMode)
                  00008c77    000000ab     board.obj (.text:ADC_A_init)
                  00008d22    0000009f     board.obj (.text:PinMux_init)
                  00008dc1    0000008d     board.obj (.text:SYSCTL_init)
                  00008e4e    00000075     board.obj (.text:EPWM_setADCTriggerSource)
                  00008ec3    00000073     driverlib.lib : sysctl.obj (.text:DCC_setCounterSeeds)
                  00008f36    0000006a     main.obj (.text:init_state)
                  00008fa0    00000065     driverlib.lib : sysctl.obj (.text:SysCtl_getClock)
                  00009005    0000005e     main.obj (.text:idle_state)
                  00009063    0000005c     driverlib.lib : adc.obj (.text:ADC_setPPBTripLimits)
                  000090bf    00000059     board.obj (.text:cmpss3_init)
                  00009118    00000056     device.obj (.text:Device_init)
                  0000916e    00000054     main.obj (.text:softStart_state)
                  000091c2    00000052     driverlib.lib : gpio.obj (.text:GPIO_setPadConfig)
                  00009214    00000050                   : cmpss.obj (.text:CMPSS_configFilterHigh)
                  00009264    00000050                   : cmpss.obj (.text:CMPSS_configFilterLow)
                  000092b4    0000004c                   : adc.obj (.text:ADC_setOffsetTrimAll)
                  00009300    00000047                   : sysctl.obj (.text:SysCtl_selectOscSource)
                  00009347    00000046     board.obj (.text:ADC_setupSOC)
                  0000938d    00000046     driverlib.lib : sysctl.obj (.text:SysCtl_selectXTAL)
                  000093d3    00000045                   : sysctl.obj (.text:SysCtl_pollX1Counter)
                  00009418    00000040     board.obj (.text:EPWM_setActionQualifierAction)
                  00009458    0000003e     board.obj (.text:EPWM_setCounterCompareShadowLoadMode)
                  00009496    0000003d     driverlib.lib : interrupt.obj (.text:Interrupt_initModule)
                  000094d3    0000003a     board.obj (.text:EPWM_setADCTriggerEventPrescale)
                  0000950d    0000003a     board.obj (.text:EPWM_setActionQualifierShadowLoadMode)
                  00009547    00000037     driverlib.lib : gpio.obj (.text:GPIO_setPinConfig)
                  0000957e    00000037                   : gpio.obj (.text:GPIO_setQualificationMode)
                  000095b5    00000034     board.obj (.text:EPWM_setDigitalCompareEventSyncMode)
                  000095e9    00000031     driverlib.lib : gpio.obj (.text:GPIO_setDirectionMode)
                  0000961a    0000002f     board.obj (.text:ADC_setInterruptSource)
                  00009649    0000002f     driverlib.lib : xbar.obj (.text:XBAR_setEPWMMuxConfig)
                  00009678    0000002e     board.obj (.text:ADC_setInterruptSOCTrigger)
                  000096a6    0000002e     rts2800_fpu32_eabi.lib : copy_decompress_lzss.c.obj (.text:decompress:lzss)
                  000096d4    0000002d     c2000ware_libraries.obj (.text:pi_current1_init)
                  00009701    0000002d     c2000ware_libraries.obj (.text:pi_current2_init)
                  0000972e    0000002d     c2000ware_libraries.obj (.text:pi_current3_init)
                  0000975b    0000002d     c2000ware_libraries.obj (.text:pi_current4_init)
                  00009788    0000002c     board.obj (.text:EPWM_setActionQualifierSWAction)
                  000097b4    0000002b     driverlib.lib : cmpss.obj (.text:CMPSS_configLatchOnPWMSYNC)
                  000097df    0000002b     board.obj (.text:CMPSS_setHysteresis)
                  0000980a    0000002b     rts2800_fpu32_eabi.lib : autoinit.c.obj (.text:__TI_auto_init_nobinit_nopinit)
                  00009835    00000029                            : exit.c.obj (.text)
                  0000985e    00000028     board.obj (.text:EPWM_selectDigitalCompareTripInput)
                  00009886    00000028     board.obj (.text:EPWM_setGlobalLoadEventPrescale)
                  000098ae    00000027     driverlib.lib : adc.obj (.text:ADC_setVREF)
                  000098d5    00000027     device.obj (.text:CAN_selectClockSource)
                  000098fc    00000027     board.obj (.text:EPWM_isBaseValid)
                  00009923    00000027     main.obj (.text:EPWM_isBaseValid)
                  0000994a    00000027     board.obj (.text:EPWM_setTripZoneAdvAction)
                  00009971    00000027     board.obj (.text:EPWM_setTripZoneAdvDigitalCompareActionA)
                  00009998    00000027     board.obj (.text:EPWM_setTripZoneAdvDigitalCompareActionB)
                  000099bf    00000027     board.obj (.text:GPIO_writePin)
                  000099e6    00000025     board.obj (.text:ADC_disablePPBEvent)
                  00009a0b    00000025     board.obj (.text:ADC_disablePPBEventInterrupt)
                  00009a30    00000025     board.obj (.text:CMPSS_configBlanking)
                  00009a55    00000025     driverlib.lib : sysctl.obj (.text:SysCtl_selectXTALSingleEnded)
                  00009a7a    00000024                   : sysctl.obj (.text:DCC_enableSingleShotMode)
                  00009a9e    00000024     board.obj (.text:EPWM_setupEPWMLinks)
                  00009ac2    00000023     board.obj (.text:ADC_setPPBCalibrationOffset)
                  00009ae5    00000023     board.obj (.text:ADC_setupPPB)
                  00009b08    00000022     board.obj (.text:EPWM_setCounterCompareValue)
                  00009b2a    00000022     main.obj (.text:EPWM_setCounterCompareValue)
                  00009b4c    00000022     board.obj (.text:EPWM_setTripZoneAction)
                  00009b6e    00000022     board.obj (.text:EPWM_setTripZoneDigitalCompareEventCondition)
                  00009b90    00000021     board.obj (.text:ADC_disableContinuousMode)
                  00009bb1    00000021     board.obj (.text:EPWM_enableGlobalLoadRegisters)
                  00009bd2    00000020     board.obj (.text:ADC_enableInterrupt)
                  00009bf2    00000020     board.obj (.text:ASysCtl_selectCMPHPMux)
                  00009c12    00000020     board.obj (.text:ASysCtl_selectCMPLPMux)
                  00009c32    0000001f     board.obj (.text:EPWM_setFallingEdgeDelayCountShadowLoadMode)
                  00009c51    0000001f     board.obj (.text:EPWM_setGlobalLoadTrigger)
                  00009c70    0000001f     board.obj (.text:EPWM_setRisingEdgeDelayCountShadowLoadMode)
                  00009c8f    0000001e     driverlib.lib : sysctl.obj (.text:DCC_setCounter0ClkSource)
                  00009cad    0000001e                   : sysctl.obj (.text:DCC_setCounter1ClkSource)
                  00009ccb    0000001e     board.obj (.text:EPWM_setPhaseShift)
                  00009ce9    0000001e     driverlib.lib : interrupt.obj (.text:Interrupt_initVectorTable)
                  00009d07    0000001e     main.obj (.text:run_state)
                  00009d25    0000001d     board.obj (.text:CMPSS_setDACValueLow)
                  00009d42    0000001d     board.obj (.text:EPWM_enableSyncOutPulseSource)
                  00009d5f    0000001d     rts2800_fpu32_eabi.lib : memcpy.c.obj (.text)
                  00009d7c    0000001d     main.obj (.text:system_init)
                  00009d99    0000001c     board.obj (.text:ADC_setSOCPriority)
                  00009db5    0000001c     board.obj (.text:EPWM_enableADCTrigger)
                  00009dd1    0000001c     board.obj (.text:EPWM_setClockPrescaler)
                  00009ded    0000001c     driverlib.lib : sysctl.obj (.text:SysCtl_configureType)
                  00009e09    0000001b     board.obj (.text:CMPSS_isBaseValid)
                  00009e24    0000001b     driverlib.lib : cmpss.obj (.text:CMPSS_isBaseValid)
                  00009e3f    0000001b     board.obj (.text:CMPSS_setDACValueHigh)
                  00009e5a    0000001b     board.obj (.text:SysCtl_setStandbyQualificationPeriod)
                  00009e75    0000001a     board.obj (.text:ADC_disablePPBEventCBCClear)
                  00009e8f    0000001a     board.obj (.text:ADC_enablePPBTwosComplement)
                  00009ea9    0000001a     board.obj (.text:EPWM_disableActionQualifierShadowLoadMode)
                  00009ec3    0000001a     driverlib.lib : sysctl.obj (.text:SysCtl_getLowSpeedClock)
                  00009edd    00000019     board.obj (.text:ADC_setPPBReferenceOffset)
                  00009ef6    00000019     board.obj (.text:CMPSS_configLowComparator)
                  00009f0f    00000019     board.obj (.text:EPWM_setCountModeAfterSync)
                  00009f28    00000019     driverlib.lib : sysctl.obj (.text:SysCtl_setPLLSysClk)
                  00009f41    00000019     rts2800_fpu32_fast_supplement_eabi.lib : div_f32.obj (.text)
                  00009f5a    00000018     board.obj (.text:ASysCtl_setAnalogReferenceExternal)
                  00009f72    00000018     board.obj (.text:EPWM_disableFallingEdgeDelayCountShadowLoadMode)
                  00009f8a    00000018     board.obj (.text:EPWM_disableRisingEdgeDelayCountShadowLoadMode)
                  00009fa2    00000018     board.obj (.text:SysCtl_disablePeripheral)
                  00009fba    00000017     board.obj (.text:CMPSS_isLiteBaseValid)
                  00009fd1    00000017     board.obj (.text:SysCtl_enablePeripheral)
                  00009fe8    00000017     driverlib.lib : sysctl.obj (.text:SysCtl_enablePeripheral)
                  00009fff    00000017     rts2800_fpu32_eabi.lib : boot28.asm.obj (.text)
                  0000a016    00000016     board.obj (.text:ADC_setInterruptPulseMode)
                  0000a02c    00000016     board.obj (.text:ADC_setPrescaler)
                  0000a042    00000016     board.obj (.text:CMPSS_configHighComparator)
                  0000a058    00000016     driverlib.lib : sysctl.obj (.text:DCC_disableDoneSignal)
                  0000a06e    00000016     board.obj (.text:EPWM_enableTripZoneSignals)
                  0000a084    00000016     board.obj (.text:EPWM_setSyncInPulseSource)
                  0000a09a    00000016     driverlib.lib : interrupt.obj (.text:Interrupt_defaultHandler)
                  0000a0b0    00000015     board.obj (.text:ADC_disableBurstMode)
                  0000a0c5    00000015     board.obj (.text:Board_init)
                  0000a0da    00000015     board.obj (.text:CMPSSLITE_configDAC)
                  0000a0ef    00000015     board.obj (.text:CMPSS_disableBlanking)
                  0000a104    00000015     board.obj (.text:CMPSS_disableLatchResetOnPWMSYNCHigh)
                  0000a119    00000015     board.obj (.text:CMPSS_disableLatchResetOnPWMSYNCLow)
                  0000a12e    00000015     driverlib.lib : sysctl.obj (.text:DCC_clearDoneFlag)
                  0000a143    00000015                   : sysctl.obj (.text:DCC_clearErrorFlag)
                  0000a158    00000015                   : sysctl.obj (.text:DCC_disableErrorSignal)
                  0000a16d    00000015     board.obj (.text:EPWM_enableGlobalLoad)
                  0000a182    00000015     board.obj (.text:EPWM_enableGlobalLoadOneShotMode)
                  0000a197    00000015     board.obj (.text:EPWM_enableTripZoneAdvAction)
                  0000a1ac    00000015     board.obj (.text:EPWM_setGlobalLoadOneShotLatch)
                  0000a1c1    00000015     device.obj (.text:GPIO_unlockPortConfig)
                  0000a1d6    00000015     board.obj (.text:gpio28_init)
                  0000a1eb    00000014     board.obj (.text:ADC_clearInterruptStatus)
                  0000a1ff    00000014     driverlib.lib : sysctl.obj (.text:DCC_disableModule)
                  0000a213    00000014                   : sysctl.obj (.text:DCC_enableModule)
                  0000a227    00000014     board.obj (.text:EPWM_setTimeBaseCounterMode)
                  0000a23b    00000014     board.obj (.text:EPWM_setTimeBasePeriod)
                  0000a24f    00000014     main.obj (.text:EPWM_setTimeBasePeriod)
                  0000a263    00000014     board.obj (.text:GPIO_isPinValid)
                  0000a277    00000014     driverlib.lib : gpio.obj (.text:GPIO_isPinValid)
                  0000a28b    00000014     board.obj (.text:SysCtl_selectErrPinPolarity)
                  0000a29f    00000013     board.obj (.text:ADC_enableConverter)
                  0000a2b2    00000013     board.obj (.text:ADC_isBaseValid)
                  0000a2c5    00000013     driverlib.lib : adc.obj (.text:ADC_isBaseValid)
                  0000a2d8    00000013     board.obj (.text:CMPSS_enableModule)
                  0000a2eb    00000013     main.obj (.text:EPWM_enableOneShotSync)
                  0000a2fe    00000012     board.obj (.text:EPWM_setTimeBaseCounter)
                  0000a310    00000012     device.obj (.text:SysCtl_setMCANClk)
                  0000a322    00000012     board.obj (.text:SysCtl_setSyncOutputConfig)
                  0000a334    00000011     board.obj (.text:EPWM_enablePhaseShiftLoad)
                  0000a345    00000011     main.obj (.text:EPWM_forceSyncPulse)
                  0000a356    00000010     device.obj (.text:CAN_isBaseValid)
                  0000a366    00000010     driverlib.lib : sysctl.obj (.text:DCC_isBaseValid)
                  0000a376    00000010     device.obj (.text:Device_initGPIO)
                  0000a386    00000010     main.obj (.text:main)
                  0000a396    0000000e     board.obj (.text:XBAR_enableEPWMMux)
                  0000a3a4    0000000d     driverlib.lib : interrupt.obj (.text:Interrupt_disableGlobal)
                  0000a3b1    0000000d     device.obj (.text:SysCtl_setLowSpeedClock)
                  0000a3be    0000000d     rts2800_fpu32_eabi.lib : copy_zero_init.c.obj (.text:decompress:ZI:__TI_zero_init_nomemset)
                  0000a3cb    0000000c     board.obj (.text:SysCtl_enableExtADCSOCSource)
                  0000a3d7    0000000c     rts2800_fpu32_eabi.lib : args_main.c.obj (.text)
                  0000a3e3    0000000b     device.obj (.text:SysCtl_disableWatchdog)
                  0000a3ee    0000000b     driverlib.lib : sysctl.obj (.text:SysCtl_isMCDClockFailureDetected)
                  0000a3f9    0000000a                   : interrupt.obj (.text:Interrupt_illegalOperationHandler)
                  0000a403    0000000a                   : interrupt.obj (.text:Interrupt_nmiHandler)
                  0000a40d    0000000a     board.obj (.text:SYNC_init)
                  0000a417    0000000a     board.obj (.text:epwmxbar0_init)
                  0000a421    00000009     c2000ware_libraries.obj (.text:CONTROLLER_init)
                  0000a42a    00000009     rts2800_fpu32_eabi.lib : _lock.c.obj (.text)
                  0000a433    00000008                            : copy_decompress_none.c.obj (.text:decompress:none)
                  0000a43b    00000008     f280015x_codestartbranch.obj (.text)
                  0000a443    00000008     main.obj (.text:fault_state)
                  0000a44b    00000007     board.obj (.text:ASysCtl_disableTemperatureSensor)
                  0000a452    00000007     device.obj (.text:ASysCtl_lockVREG)
                  0000a459    00000007     board.obj (.text:SysCtl_disableMCD)
                  0000a460    00000007     driverlib.lib : sysctl.obj (.text:SysCtl_resetMCD)
                  0000a467    00000007     device.obj (.text:__error__)
                  0000a46e    00000006     board.obj (.text:ASYSCTL_init)
                  0000a474    00000005     c2000ware_libraries.obj (.text:C2000Ware_libraries_init)
                  0000a479    00000004     device.obj (.text:SysCtl_deviceCal)
                  0000a47d    00000003     board.obj (.text:ADC_init)
                  0000a480    00000003     device_cmd.obj (.text:CMD_init)
                  0000a483    00000003     board.obj (.text:CMPSSLITE_init)
                  0000a486    00000003     board.obj (.text:EPWMXBAR_init)
                  0000a489    00000003     board.obj (.text:GPIO_init)
                  0000a48c    00000002     rts2800_fpu32_eabi.lib : pre_init.c.obj (.text)
                  0000a48e    00000002     main.obj (.text:system_ready)
                  0000a490    00000001     device_cmd.obj (.text:CMD0_init)
                  0000a491    00000001     c2000ware_libraries.obj (.text:FFR_init)
                  0000a492    00000001     rts2800_fpu32_eabi.lib : startup.c.obj (.text)

.init_array 
*          0    00000128    00000000     UNINITIALIZED

CODESTART 
*          0    0000012c    00000002     
                  0000012c    00000002     f280015x_codestartbranch.obj (codestart)

.bss       0    00008000    00000002     UNINITIALIZED
                  00008000    00000002     main.obj (.bss)

.const     0    00008002    00000475     
                  00008002    000001c7     board.obj (.const:.string)
                  000081c9    00000001     --HOLE-- [fill = 0]
                  000081ca    0000009c     driverlib.lib : cmpss.obj (.const:.string)
                  00008266    0000009b                   : gpio.obj (.const:.string)
                  00008301    00000001     --HOLE-- [fill = 0]
                  00008302    0000009b                   : sysctl.obj (.const:.string)
                  0000839d    00000001     --HOLE-- [fill = 0]
                  0000839e    0000004e     device.obj (.const:.string)
                  000083ec    0000004c     driverlib.lib : adc.obj (.const:.string)
                  00008438    0000003f     main.obj (.const:.string)

.data      0    0000a4c0    000000f4     UNINITIALIZED
                  0000a4c0    000000d6     c2000ware_libraries.obj (.data)
                  0000a596    00000008     PSU.obj (.data:pwm_compare)
                  0000a59e    00000006     PSU.obj (.data)
                  0000a5a4    00000006     main.obj (.data)
                  0000a5aa    00000006     rts2800_fpu32_eabi.lib : exit.c.obj (.data)
                  0000a5b0    00000002                            : _lock.c.obj (.data:_lock)
                  0000a5b2    00000002                            : _lock.c.obj (.data:_unlock)

DCL_funcs 
*          0    0000a494    00000028     
                  0000a494    00000028     DCL_PI_C7.obj (dclfuncs)

MODULE SUMMARY

       Module                            code   ro data   rw data
       ------                            ----   -------   -------
    .\
       f280015x_globalvariabledefs.obj   0      0         1400   
       main.obj                          789    63        8      
       DCL_PI_C7.obj                     40     0         0      
       PSU.obj                           0      0         14     
       f280015x_codestartbranch.obj      10     0         0      
    +--+---------------------------------+------+---------+---------+
       Total:                            839    63        1422   
                                                                 
    .\syscfg\
       board.obj                         4307   455       0      
       c2000ware_libraries.obj           195    0         214    
       device.obj                        238    78        0      
       device_cmd.obj                    4      0         0      
    +--+---------------------------------+------+---------+---------+
       Total:                            4744   533       214    
                                                                 
    C:/ti/C2000Ware_6_00_00_00/driverlib/f280015x/driverlib/ccs/Debug/driverlib.lib
       sysctl.obj                        1349   155       0      
       gpio.obj                          433    155       0      
       cmpss.obj                         230    156       0      
       adc.obj                           226    76        0      
       interrupt.obj                     146    0         0      
       xbar.obj                          47     0         0      
    +--+---------------------------------+------+---------+---------+
       Total:                            2431   542       0      
                                                                 
    C:\ti\C2000Ware_6_00_00_00\libraries\math\FPUfastRTS\c28\lib\rts2800_fpu32_fast_supplement_eabi.lib
       div_f32.obj                       25     0         0      
    +--+---------------------------------+------+---------+---------+
       Total:                            25     0         0      
                                                                 
    C:\ti\ccs2011\ccs\tools\compiler\ti-cgt-c2000_22.6.2.LTS\lib\rts2800_fpu32_eabi.lib
       exit.c.obj                        41     0         6      
       copy_decompress_lzss.c.obj        46     0         0      
       autoinit.c.obj                    43     0         0      
       memcpy.c.obj                      29     0         0      
       boot28.asm.obj                    23     0         0      
       _lock.c.obj                       9      0         4      
       copy_zero_init.c.obj              13     0         0      
       args_main.c.obj                   12     0         0      
       copy_decompress_none.c.obj        8      0         0      
       pre_init.c.obj                    2      0         0      
       startup.c.obj                     1      0         0      
    +--+---------------------------------+------+---------+---------+
       Total:                            227    0         10     
                                                                 
       Stack:                            0      0         512    
       Linker Generated:                 0      53        0      
    +--+---------------------------------+------+---------+---------+
       Grand Total:                      8266   1191      2158   


LINKER GENERATED COPY TABLES

__TI_cinit_table @ 0000015c records: 2, size/record: 4, table size: 8
	.data: load addr=0000012e, load size=00000023 bytes, run addr=0000a4c0, run size=000000f4 bytes, compression=lzss
	.bss: load addr=00000158, load size=00000004 bytes, run addr=00008000, run size=00000002 bytes, compression=zero_init


LINKER GENERATED HANDLER TABLE

__TI_handler_table @ 00000152 records: 3, size/record: 2, table size: 6
	index: 0, handler: __TI_zero_init
	index: 1, handler: __TI_decompress_lzss
	index: 2, handler: __TI_decompress_none


GLOBAL DATA SYMBOLS: SORTED BY DATA PAGE

address     data page           name
--------    ----------------    ----
00000400      10 (00000400)     __stack

00000b00      2c (00000b00)     AdcaResultRegs

00004000     100 (00004000)     EPwm1Regs

00004100     104 (00004100)     EPwm2Regs

00004200     108 (00004200)     EPwm3Regs

00004300     10c (00004300)     EPwm4Regs

00005580     156 (00005580)     CmpssLite3Regs

00007400     1d0 (00007400)     AdcaRegs

00008000     200 (00008000)     state_Ptr

0000a4c0     293 (0000a4c0)     pi_current1_css
0000a4ca     293 (0000a4c0)     pi_current2_css
0000a4d4     293 (0000a4c0)     pi_current3_css
0000a4de     293 (0000a4c0)     pi_current4_css
0000a4e8     293 (0000a4c0)     pi_current1_sps
0000a4f4     293 (0000a4c0)     pi_current2_sps

0000a500     294 (0000a500)     pi_current3_sps
0000a50c     294 (0000a500)     pi_current4_sps
0000a518     294 (0000a500)     pi_current1

0000a540     295 (0000a540)     pi_current2
0000a556     295 (0000a540)     pi_current3

0000a580     296 (0000a580)     pi_current4
0000a596     296 (0000a580)     pwm_compare
0000a59e     296 (0000a580)     inv_period
0000a5a0     296 (0000a580)     period
0000a5a2     296 (0000a580)     pwm_scale
0000a5a4     296 (0000a580)     somethings_rotten_in_the_state_of_la_la_land
0000a5a5     296 (0000a580)     state
0000a5a8     296 (0000a580)     setpoint
0000a5aa     296 (0000a580)     __TI_enable_exit_profile_output
0000a5ac     296 (0000a580)     __TI_cleanup_ptr
0000a5ae     296 (0000a580)     __TI_dtors_ptr
0000a5b0     296 (0000a580)     _lock
0000a5b2     296 (0000a580)     _unlock

0005d300    174c (0005d300)     CpuSysRegs


GLOBAL SYMBOLS: SORTED ALPHABETICALLY BY Name 

page  address   name                                        
----  -------   ----                                        
0     00008c77  ADC_A_init                                  
0     0000a47d  ADC_init                                    
0     000092b4  ADC_setOffsetTrimAll                        
0     00009063  ADC_setPPBTripLimits                        
0     000098ae  ADC_setVREF                                 
0     0000a46e  ASYSCTL_init                                
1     00007400  AdcaRegs                                    
1     00000b00  AdcaResultRegs                              
0     0000a0c5  Board_init                                  
0     00009835  C$$EXIT                                     
0     0000a474  C2000Ware_libraries_init                    
0     0000a490  CMD0_init                                   
0     0000a480  CMD_init                                    
0     0000a483  CMPSSLITE_init                              
0     00009214  CMPSS_configFilterHigh                      
0     00009264  CMPSS_configFilterLow                       
0     000097b4  CMPSS_configLatchOnPWMSYNC                  
0     0000a421  CONTROLLER_init                             
1     00005580  CmpssLite3Regs                              
1     0005d300  CpuSysRegs                                  
0     0000a494  DCL_runPI_C7                                
0     00009118  Device_init                                 
0     0000a376  Device_initGPIO                             
0     0000a486  EPWMXBAR_init                               
0     00008477  EPWM_init                                   
1     00004000  EPwm1Regs                                   
1     00004100  EPwm2Regs                                   
1     00004200  EPwm3Regs                                   
1     00004300  EPwm4Regs                                   
0     0000a491  FFR_init                                    
0     0000a489  GPIO_init                                   
0     00008bcb  GPIO_setAnalogMode                          
0     000095e9  GPIO_setDirectionMode                       
0     000091c2  GPIO_setPadConfig                           
0     00009547  GPIO_setPinConfig                           
0     0000957e  GPIO_setQualificationMode                   
0     0000a09a  Interrupt_defaultHandler                    
0     0000a3f9  Interrupt_illegalOperationHandler           
0     00009496  Interrupt_initModule                        
0     00009ce9  Interrupt_initVectorTable                   
0     0000a403  Interrupt_nmiHandler                        
0     00008d22  PinMux_init                                 
0     0000a40d  SYNC_init                                   
0     00008dc1  SYSCTL_init                                 
0     00009ded  SysCtl_configureType                        
0     00000128  SysCtl_delay                                
0     00008fa0  SysCtl_getClock                             
0     00009ec3  SysCtl_getLowSpeedClock                     
0     00008ae1  SysCtl_isPLLValid                           
0     00009300  SysCtl_selectOscSource                      
0     0000938d  SysCtl_selectXTAL                           
0     00009a55  SysCtl_selectXTALSingleEnded                
0     000089be  SysCtl_setClock                             
0     00009649  XBAR_setEPWMMuxConfig                       
0     0000015c  __TI_CINIT_Base                             
0     00000164  __TI_CINIT_Limit                            
0     00000164  __TI_CINIT_Warm                             
0     00000152  __TI_Handler_Table_Base                     
0     00000158  __TI_Handler_Table_Limit                    
0     00000600  __TI_STACK_END                              
abs   00000200  __TI_STACK_SIZE                             
0     0000980a  __TI_auto_init_nobinit_nopinit              
0     0000a5ac  __TI_cleanup_ptr                            
0     000096a6  __TI_decompress_lzss                        
0     0000a433  __TI_decompress_none                        
0     0000a5ae  __TI_dtors_ptr                              
0     0000a5aa  __TI_enable_exit_profile_output             
abs   ffffffff  __TI_pprof_out_hndl                         
abs   ffffffff  __TI_prof_data_size                         
abs   ffffffff  __TI_prof_data_start                        
0     0000a3be  __TI_zero_init_nomemset                     
0     00009f41  __c28xabi_divf                              
n/a   UNDEFED   __c_args__                                  
0     0000a467  __error__                                   
0     00000400  __stack                                     
0     0000a3d7  _args_main                                  
0     00009fff  _c_int00                                    
0     0000a5b0  _lock                                       
0     0000a432  _nop                                        
0     0000a42e  _register_lock                              
0     0000a42a  _register_unlock                            
0     0000a492  _system_post_cinit                          
0     0000a48c  _system_pre_init                            
0     0000a5b2  _unlock                                     
0     00009835  abort                                       
0     000090bf  cmpss3_init                                 
0     0000012c  code_start                                  
0     0000a417  epwmxbar0_init                              
0     00009837  exit                                        
0     0000a443  fault_state                                 
0     0000a1d6  gpio28_init                                 
0     00009005  idle_state                                  
0     00008f36  init_state                                  
0     0000a59e  inv_period                                  
0     0000a386  main                                        
0     00009d5f  memcpy                                      
0     0000a5a0  period                                      
0     0000a518  pi_current1                                 
0     0000a4c0  pi_current1_css                             
0     000096d4  pi_current1_init                            
0     0000a4e8  pi_current1_sps                             
0     0000a540  pi_current2                                 
0     0000a4ca  pi_current2_css                             
0     00009701  pi_current2_init                            
0     0000a4f4  pi_current2_sps                             
0     0000a556  pi_current3                                 
0     0000a4d4  pi_current3_css                             
0     0000972e  pi_current3_init                            
0     0000a500  pi_current3_sps                             
0     0000a580  pi_current4                                 
0     0000a4de  pi_current4_css                             
0     0000975b  pi_current4_init                            
0     0000a50c  pi_current4_sps                             
0     0000a596  pwm_compare                                 
0     0000a5a2  pwm_scale                                   
0     00009d07  run_state                                   
0     0000a5a8  setpoint                                    
0     0000916e  softStart_state                             
0     0000a5a4  somethings_rotten_in_the_state_of_la_la_land
0     0000a5a5  state                                       
0     00008000  state_Ptr                                   
0     00009d7c  system_init                                 
0     0000a48e  system_ready                                


GLOBAL SYMBOLS: SORTED BY Symbol Address 

page  address   name                                        
----  -------   ----                                        
0     00000128  SysCtl_delay                                
0     0000012c  code_start                                  
0     00000152  __TI_Handler_Table_Base                     
0     00000158  __TI_Handler_Table_Limit                    
0     0000015c  __TI_CINIT_Base                             
0     00000164  __TI_CINIT_Limit                            
0     00000164  __TI_CINIT_Warm                             
0     00000400  __stack                                     
0     00000600  __TI_STACK_END                              
0     00008000  state_Ptr                                   
0     00008477  EPWM_init                                   
0     000089be  SysCtl_setClock                             
0     00008ae1  SysCtl_isPLLValid                           
0     00008bcb  GPIO_setAnalogMode                          
0     00008c77  ADC_A_init                                  
0     00008d22  PinMux_init                                 
0     00008dc1  SYSCTL_init                                 
0     00008f36  init_state                                  
0     00008fa0  SysCtl_getClock                             
0     00009005  idle_state                                  
0     00009063  ADC_setPPBTripLimits                        
0     000090bf  cmpss3_init                                 
0     00009118  Device_init                                 
0     0000916e  softStart_state                             
0     000091c2  GPIO_setPadConfig                           
0     00009214  CMPSS_configFilterHigh                      
0     00009264  CMPSS_configFilterLow                       
0     000092b4  ADC_setOffsetTrimAll                        
0     00009300  SysCtl_selectOscSource                      
0     0000938d  SysCtl_selectXTAL                           
0     00009496  Interrupt_initModule                        
0     00009547  GPIO_setPinConfig                           
0     0000957e  GPIO_setQualificationMode                   
0     000095e9  GPIO_setDirectionMode                       
0     00009649  XBAR_setEPWMMuxConfig                       
0     000096a6  __TI_decompress_lzss                        
0     000096d4  pi_current1_init                            
0     00009701  pi_current2_init                            
0     0000972e  pi_current3_init                            
0     0000975b  pi_current4_init                            
0     000097b4  CMPSS_configLatchOnPWMSYNC                  
0     0000980a  __TI_auto_init_nobinit_nopinit              
0     00009835  C$$EXIT                                     
0     00009835  abort                                       
0     00009837  exit                                        
0     000098ae  ADC_setVREF                                 
0     00009a55  SysCtl_selectXTALSingleEnded                
0     00009ce9  Interrupt_initVectorTable                   
0     00009d07  run_state                                   
0     00009d5f  memcpy                                      
0     00009d7c  system_init                                 
0     00009ded  SysCtl_configureType                        
0     00009ec3  SysCtl_getLowSpeedClock                     
0     00009f41  __c28xabi_divf                              
0     00009fff  _c_int00                                    
0     0000a09a  Interrupt_defaultHandler                    
0     0000a0c5  Board_init                                  
0     0000a1d6  gpio28_init                                 
0     0000a376  Device_initGPIO                             
0     0000a386  main                                        
0     0000a3be  __TI_zero_init_nomemset                     
0     0000a3d7  _args_main                                  
0     0000a3f9  Interrupt_illegalOperationHandler           
0     0000a403  Interrupt_nmiHandler                        
0     0000a40d  SYNC_init                                   
0     0000a417  epwmxbar0_init                              
0     0000a421  CONTROLLER_init                             
0     0000a42a  _register_unlock                            
0     0000a42e  _register_lock                              
0     0000a432  _nop                                        
0     0000a433  __TI_decompress_none                        
0     0000a443  fault_state                                 
0     0000a467  __error__                                   
0     0000a46e  ASYSCTL_init                                
0     0000a474  C2000Ware_libraries_init                    
0     0000a47d  ADC_init                                    
0     0000a480  CMD_init                                    
0     0000a483  CMPSSLITE_init                              
0     0000a486  EPWMXBAR_init                               
0     0000a489  GPIO_init                                   
0     0000a48c  _system_pre_init                            
0     0000a48e  system_ready                                
0     0000a490  CMD0_init                                   
0     0000a491  FFR_init                                    
0     0000a492  _system_post_cinit                          
0     0000a494  DCL_runPI_C7                                
0     0000a4c0  pi_current1_css                             
0     0000a4ca  pi_current2_css                             
0     0000a4d4  pi_current3_css                             
0     0000a4de  pi_current4_css                             
0     0000a4e8  pi_current1_sps                             
0     0000a4f4  pi_current2_sps                             
0     0000a500  pi_current3_sps                             
0     0000a50c  pi_current4_sps                             
0     0000a518  pi_current1                                 
0     0000a540  pi_current2                                 
0     0000a556  pi_current3                                 
0     0000a580  pi_current4                                 
0     0000a596  pwm_compare                                 
0     0000a59e  inv_period                                  
0     0000a5a0  period                                      
0     0000a5a2  pwm_scale                                   
0     0000a5a4  somethings_rotten_in_the_state_of_la_la_land
0     0000a5a5  state                                       
0     0000a5a8  setpoint                                    
0     0000a5aa  __TI_enable_exit_profile_output             
0     0000a5ac  __TI_cleanup_ptr                            
0     0000a5ae  __TI_dtors_ptr                              
0     0000a5b0  _lock                                       
0     0000a5b2  _unlock                                     
1     00000b00  AdcaResultRegs                              
1     00004000  EPwm1Regs                                   
1     00004100  EPwm2Regs                                   
1     00004200  EPwm3Regs                                   
1     00004300  EPwm4Regs                                   
1     00005580  CmpssLite3Regs                              
1     00007400  AdcaRegs                                    
1     0005d300  CpuSysRegs                                  
abs   00000200  __TI_STACK_SIZE                             
abs   ffffffff  __TI_pprof_out_hndl                         
abs   ffffffff  __TI_prof_data_size                         
abs   ffffffff  __TI_prof_data_start                        
n/a   UNDEFED   __c_args__                                  

[123 symbols]
