<?xml version="1.0" encoding="ISO-8859-1" ?>
<link_info>
   <banner>TMS320C2000 Linker PC v22.6.2.LTS</banner>
   <copyright>Copyright (c) 1996-2018 Texas Instruments Incorporated</copyright>
   <link_time>0x68a81e50</link_time>
   <link_errors>0x0</link_errors>
   <output_file>InterleavedPSU_EvalBoard_F2800155.out</output_file>
   <entry_point>
      <name>code_start</name>
      <address>0x0</address>
   </entry_point>
   <input_file_list>
      <input_file id="fl-2">
         <path>.\syscfg\</path>
         <kind>object</kind>
         <file>board.obj</file>
         <name>board.obj</name>
      </input_file>
      <input_file id="fl-3">
         <path>.\syscfg\</path>
         <kind>object</kind>
         <file>device.obj</file>
         <name>device.obj</name>
      </input_file>
      <input_file id="fl-4">
         <path>.\syscfg\</path>
         <kind>object</kind>
         <file>c2000ware_libraries.obj</file>
         <name>c2000ware_libraries.obj</name>
      </input_file>
      <input_file id="fl-5">
         <path>.\</path>
         <kind>object</kind>
         <file>f280015x_codestartbranch.obj</file>
         <name>f280015x_codestartbranch.obj</name>
      </input_file>
      <input_file id="fl-6">
         <path>.\</path>
         <kind>object</kind>
         <file>DCL_clamp_C1.obj</file>
         <name>DCL_clamp_C1.obj</name>
      </input_file>
      <input_file id="fl-7">
         <path>.\</path>
         <kind>object</kind>
         <file>DCL_DF11_C1.obj</file>
         <name>DCL_DF11_C1.obj</name>
      </input_file>
      <input_file id="fl-8">
         <path>.\</path>
         <kind>object</kind>
         <file>DCL_DF13_C1.obj</file>
         <name>DCL_DF13_C1.obj</name>
      </input_file>
      <input_file id="fl-9">
         <path>.\</path>
         <kind>object</kind>
         <file>DCL_DF13_C2C3.obj</file>
         <name>DCL_DF13_C2C3.obj</name>
      </input_file>
      <input_file id="fl-a">
         <path>.\</path>
         <kind>object</kind>
         <file>DCL_DF22_C1.obj</file>
         <name>DCL_DF22_C1.obj</name>
      </input_file>
      <input_file id="fl-b">
         <path>.\</path>
         <kind>object</kind>
         <file>DCL_DF22_C2C3.obj</file>
         <name>DCL_DF22_C2C3.obj</name>
      </input_file>
      <input_file id="fl-c">
         <path>.\</path>
         <kind>object</kind>
         <file>DCL_DF23_C1.obj</file>
         <name>DCL_DF23_C1.obj</name>
      </input_file>
      <input_file id="fl-d">
         <path>.\</path>
         <kind>object</kind>
         <file>DCL_DF23_C2C3.obj</file>
         <name>DCL_DF23_C2C3.obj</name>
      </input_file>
      <input_file id="fl-e">
         <path>.\</path>
         <kind>object</kind>
         <file>DCL_error.obj</file>
         <name>DCL_error.obj</name>
      </input_file>
      <input_file id="fl-f">
         <path>.\</path>
         <kind>object</kind>
         <file>DCL_futils.obj</file>
         <name>DCL_futils.obj</name>
      </input_file>
      <input_file id="fl-10">
         <path>.\</path>
         <kind>object</kind>
         <file>DCL_PI_C1.obj</file>
         <name>DCL_PI_C1.obj</name>
      </input_file>
      <input_file id="fl-11">
         <path>.\</path>
         <kind>object</kind>
         <file>DCL_PI_C4.obj</file>
         <name>DCL_PI_C4.obj</name>
      </input_file>
      <input_file id="fl-12">
         <path>.\</path>
         <kind>object</kind>
         <file>DCL_PI_C7.obj</file>
         <name>DCL_PI_C7.obj</name>
      </input_file>
      <input_file id="fl-13">
         <path>.\</path>
         <kind>object</kind>
         <file>DCL_PID_C1.obj</file>
         <name>DCL_PID_C1.obj</name>
      </input_file>
      <input_file id="fl-14">
         <path>.\</path>
         <kind>object</kind>
         <file>DCL_PID_C4.obj</file>
         <name>DCL_PID_C4.obj</name>
      </input_file>
      <input_file id="fl-15">
         <path>.\</path>
         <kind>object</kind>
         <file>f280015x_globalvariabledefs.obj</file>
         <name>f280015x_globalvariabledefs.obj</name>
      </input_file>
      <input_file id="fl-16">
         <path>.\</path>
         <kind>object</kind>
         <file>main.obj</file>
         <name>main.obj</name>
      </input_file>
      <input_file id="fl-1e">
         <kind>object</kind>
         <file>&lt;internal&gt;</file>
         <name>&lt;internal&gt;</name>
      </input_file>
      <input_file id="fl-1f">
         <path>C:\ti\C2000Ware_6_00_00_00\driverlib\f280015x\driverlib\ccs\Debug\</path>
         <kind>archive</kind>
         <file>driverlib.lib</file>
         <name>gpio.obj</name>
      </input_file>
      <input_file id="fl-20">
         <path>C:\ti\C2000Ware_6_00_00_00\driverlib\f280015x\driverlib\ccs\Debug\</path>
         <kind>archive</kind>
         <file>driverlib.lib</file>
         <name>interrupt.obj</name>
      </input_file>
      <input_file id="fl-21">
         <path>C:\ti\C2000Ware_6_00_00_00\driverlib\f280015x\driverlib\ccs\Debug\</path>
         <kind>archive</kind>
         <file>driverlib.lib</file>
         <name>sysctl.obj</name>
      </input_file>
      <input_file id="fl-25">
         <path>C:\ti\C2000Ware_6_00_00_00\libraries\math\FPUfastRTS\c28\lib\</path>
         <kind>archive</kind>
         <file>rts2800_fpu32_fast_supplement_eabi.lib</file>
         <name>div_f32.obj</name>
      </input_file>
      <input_file id="fl-31">
         <path>C:\ti\ccs2011\ccs\tools\compiler\ti-cgt-c2000_22.6.2.LTS\lib\</path>
         <kind>archive</kind>
         <file>rts2800_fpu32_eabi.lib</file>
         <name>boot28.asm.obj</name>
      </input_file>
      <input_file id="fl-32">
         <path>C:\ti\ccs2011\ccs\tools\compiler\ti-cgt-c2000_22.6.2.LTS\lib\</path>
         <kind>archive</kind>
         <file>rts2800_fpu32_eabi.lib</file>
         <name>ll_cmp28.asm.obj</name>
      </input_file>
      <input_file id="fl-33">
         <path>C:\ti\ccs2011\ccs\tools\compiler\ti-cgt-c2000_22.6.2.LTS\lib\</path>
         <kind>archive</kind>
         <file>rts2800_fpu32_eabi.lib</file>
         <name>pre_init.c.obj</name>
      </input_file>
      <input_file id="fl-34">
         <path>C:\ti\ccs2011\ccs\tools\compiler\ti-cgt-c2000_22.6.2.LTS\lib\</path>
         <kind>archive</kind>
         <file>rts2800_fpu32_eabi.lib</file>
         <name>autoinit.c.obj</name>
      </input_file>
      <input_file id="fl-35">
         <path>C:\ti\ccs2011\ccs\tools\compiler\ti-cgt-c2000_22.6.2.LTS\lib\</path>
         <kind>archive</kind>
         <file>rts2800_fpu32_eabi.lib</file>
         <name>copy_zero_init.c.obj</name>
      </input_file>
      <input_file id="fl-36">
         <path>C:\ti\ccs2011\ccs\tools\compiler\ti-cgt-c2000_22.6.2.LTS\lib\</path>
         <kind>archive</kind>
         <file>rts2800_fpu32_eabi.lib</file>
         <name>copy_decompress_none.c.obj</name>
      </input_file>
      <input_file id="fl-37">
         <path>C:\ti\ccs2011\ccs\tools\compiler\ti-cgt-c2000_22.6.2.LTS\lib\</path>
         <kind>archive</kind>
         <file>rts2800_fpu32_eabi.lib</file>
         <name>copy_decompress_lzss.c.obj</name>
      </input_file>
      <input_file id="fl-38">
         <path>C:\ti\ccs2011\ccs\tools\compiler\ti-cgt-c2000_22.6.2.LTS\lib\</path>
         <kind>archive</kind>
         <file>rts2800_fpu32_eabi.lib</file>
         <name>exit.c.obj</name>
      </input_file>
      <input_file id="fl-39">
         <path>C:\ti\ccs2011\ccs\tools\compiler\ti-cgt-c2000_22.6.2.LTS\lib\</path>
         <kind>archive</kind>
         <file>rts2800_fpu32_eabi.lib</file>
         <name>_lock.c.obj</name>
      </input_file>
      <input_file id="fl-3a">
         <path>C:\ti\ccs2011\ccs\tools\compiler\ti-cgt-c2000_22.6.2.LTS\lib\</path>
         <kind>archive</kind>
         <file>rts2800_fpu32_eabi.lib</file>
         <name>args_main.c.obj</name>
      </input_file>
      <input_file id="fl-3b">
         <path>C:\ti\ccs2011\ccs\tools\compiler\ti-cgt-c2000_22.6.2.LTS\lib\</path>
         <kind>archive</kind>
         <file>rts2800_fpu32_eabi.lib</file>
         <name>memset.c.obj</name>
      </input_file>
      <input_file id="fl-3c">
         <path>C:\ti\ccs2011\ccs\tools\compiler\ti-cgt-c2000_22.6.2.LTS\lib\</path>
         <kind>archive</kind>
         <file>rts2800_fpu32_eabi.lib</file>
         <name>cpy_tbl.c.obj</name>
      </input_file>
      <input_file id="fl-3d">
         <path>C:\ti\ccs2011\ccs\tools\compiler\ti-cgt-c2000_22.6.2.LTS\lib\</path>
         <kind>archive</kind>
         <file>rts2800_fpu32_eabi.lib</file>
         <name>memcpy.c.obj</name>
      </input_file>
      <input_file id="fl-3e">
         <path>C:\ti\ccs2011\ccs\tools\compiler\ti-cgt-c2000_22.6.2.LTS\lib\</path>
         <kind>archive</kind>
         <file>rts2800_fpu32_eabi.lib</file>
         <name>startup.c.obj</name>
      </input_file>
   </input_file_list>
   <object_component_list>
      <object_component id="oc-6c">
         <name>codestart</name>
         <load_address>0x0</load_address>
         <run_address>0x0</run_address>
         <size>0x2</size>
         <input_file_ref idref="fl-5"/>
      </object_component>
      <object_component id="oc-168">
         <name>.TI.ramfunc</name>
         <load_address>0x128</load_address>
         <run_address>0x128</run_address>
         <size>0x4</size>
         <input_file_ref idref="fl-21"/>
      </object_component>
      <object_component id="oc-261">
         <name>.text:GPIO_setPinConfig</name>
         <load_address>0x8248</load_address>
         <run_address>0x8248</run_address>
         <size>0x37</size>
         <input_file_ref idref="fl-1f"/>
      </object_component>
      <object_component id="oc-205">
         <name>.text:FFR_init</name>
         <load_address>0x827f</load_address>
         <run_address>0x827f</run_address>
         <size>0x1</size>
         <input_file_ref idref="fl-4"/>
      </object_component>
      <object_component id="oc-1f1">
         <name>.text:EPWM_init</name>
         <load_address>0x8360</load_address>
         <run_address>0x8360</run_address>
         <size>0x3a2</size>
         <input_file_ref idref="fl-2"/>
      </object_component>
      <object_component id="oc-192">
         <name>.text:SysCtl_setClock</name>
         <load_address>0x8702</load_address>
         <run_address>0x8702</run_address>
         <size>0x123</size>
         <input_file_ref idref="fl-21"/>
      </object_component>
      <object_component id="oc-243">
         <name>.text:SysCtl_isPLLValid</name>
         <load_address>0x8825</load_address>
         <run_address>0x8825</run_address>
         <size>0xea</size>
         <input_file_ref idref="fl-21"/>
      </object_component>
      <object_component id="oc-1c9">
         <name>.text:GPIO_setAnalogMode</name>
         <load_address>0x890f</load_address>
         <run_address>0x890f</run_address>
         <size>0xac</size>
         <input_file_ref idref="fl-1f"/>
      </object_component>
      <object_component id="oc-1e5">
         <name>.text:SYSCTL_init</name>
         <load_address>0x89bb</load_address>
         <run_address>0x89bb</run_address>
         <size>0x8d</size>
         <input_file_ref idref="fl-2"/>
      </object_component>
      <object_component id="oc-1df">
         <name>.text:PinMux_init</name>
         <load_address>0x8a48</load_address>
         <run_address>0x8a48</run_address>
         <size>0x7b</size>
         <input_file_ref idref="fl-2"/>
      </object_component>
      <object_component id="oc-324">
         <name>.text:EPWM_setADCTriggerSource</name>
         <load_address>0x8ac3</load_address>
         <run_address>0x8ac3</run_address>
         <size>0x75</size>
         <input_file_ref idref="fl-2"/>
      </object_component>
      <object_component id="oc-3cd">
         <name>.text:DCC_setCounterSeeds</name>
         <load_address>0x8b38</load_address>
         <run_address>0x8b38</run_address>
         <size>0x73</size>
         <input_file_ref idref="fl-21"/>
      </object_component>
      <object_component id="oc-1aa">
         <name>.text:SysCtl_getClock</name>
         <load_address>0x8bab</load_address>
         <run_address>0x8bab</run_address>
         <size>0x65</size>
         <input_file_ref idref="fl-21"/>
      </object_component>
      <object_component id="oc-13e">
         <name>.text:Device_init</name>
         <load_address>0x8c10</load_address>
         <run_address>0x8c10</run_address>
         <size>0x54</size>
         <input_file_ref idref="fl-3"/>
      </object_component>
      <object_component id="oc-267">
         <name>.text:GPIO_setPadConfig</name>
         <load_address>0x8c64</load_address>
         <run_address>0x8c64</run_address>
         <size>0x52</size>
         <input_file_ref idref="fl-1f"/>
      </object_component>
      <object_component id="oc-237">
         <name>.text:SysCtl_selectOscSource</name>
         <load_address>0x8cb6</load_address>
         <run_address>0x8cb6</run_address>
         <size>0x47</size>
         <input_file_ref idref="fl-21"/>
      </object_component>
      <object_component id="oc-38a">
         <name>.text:SysCtl_selectXTAL</name>
         <load_address>0x8cfd</load_address>
         <run_address>0x8cfd</run_address>
         <size>0x46</size>
         <input_file_ref idref="fl-21"/>
      </object_component>
      <object_component id="oc-430">
         <name>.text:SysCtl_pollX1Counter</name>
         <load_address>0x8d43</load_address>
         <run_address>0x8d43</run_address>
         <size>0x45</size>
         <input_file_ref idref="fl-21"/>
      </object_component>
      <object_component id="oc-300">
         <name>.text:EPWM_setActionQualifierAction</name>
         <load_address>0x8d88</load_address>
         <run_address>0x8d88</run_address>
         <size>0x40</size>
         <input_file_ref idref="fl-2"/>
      </object_component>
      <object_component id="oc-2ee">
         <name>.text:EPWM_setCounterCompareShadowLoadMode</name>
         <load_address>0x8dc8</load_address>
         <run_address>0x8dc8</run_address>
         <size>0x3e</size>
         <input_file_ref idref="fl-2"/>
      </object_component>
      <object_component id="oc-14a">
         <name>.text:Interrupt_initModule</name>
         <load_address>0x8e06</load_address>
         <run_address>0x8e06</run_address>
         <size>0x3d</size>
         <input_file_ref idref="fl-20"/>
      </object_component>
      <object_component id="oc-32a">
         <name>.text:EPWM_setADCTriggerEventPrescale</name>
         <load_address>0x8e43</load_address>
         <run_address>0x8e43</run_address>
         <size>0x3a</size>
         <input_file_ref idref="fl-2"/>
      </object_component>
      <object_component id="oc-2fa">
         <name>.text:EPWM_setActionQualifierShadowLoadMode</name>
         <load_address>0x8e7d</load_address>
         <run_address>0x8e7d</run_address>
         <size>0x3a</size>
         <input_file_ref idref="fl-2"/>
      </object_component>
      <object_component id="oc-26d">
         <name>.text:GPIO_setQualificationMode</name>
         <load_address>0x8eb7</load_address>
         <run_address>0x8eb7</run_address>
         <size>0x37</size>
         <input_file_ref idref="fl-1f"/>
      </object_component>
      <object_component id="oc-422">
         <name>.text:GPIO_setDirectionMode</name>
         <load_address>0x8eee</load_address>
         <run_address>0x8eee</run_address>
         <size>0x31</size>
         <input_file_ref idref="fl-1f"/>
      </object_component>
      <object_component id="oc-5f">
         <name>.text:decompress:lzss</name>
         <load_address>0x8f1f</load_address>
         <run_address>0x8f1f</run_address>
         <size>0x2e</size>
         <input_file_ref idref="fl-37"/>
      </object_component>
      <object_component id="oc-35f">
         <name>.text:pi1_init</name>
         <load_address>0x8f4d</load_address>
         <run_address>0x8f4d</run_address>
         <size>0x2d</size>
         <input_file_ref idref="fl-4"/>
      </object_component>
      <object_component id="oc-365">
         <name>.text:pi2_init</name>
         <load_address>0x8f7a</load_address>
         <run_address>0x8f7a</run_address>
         <size>0x2d</size>
         <input_file_ref idref="fl-4"/>
      </object_component>
      <object_component id="oc-36b">
         <name>.text:pi3_init</name>
         <load_address>0x8fa7</load_address>
         <run_address>0x8fa7</run_address>
         <size>0x2d</size>
         <input_file_ref idref="fl-4"/>
      </object_component>
      <object_component id="oc-371">
         <name>.text:pi4_init</name>
         <load_address>0x8fd4</load_address>
         <run_address>0x8fd4</run_address>
         <size>0x2d</size>
         <input_file_ref idref="fl-4"/>
      </object_component>
      <object_component id="oc-34e">
         <name>.text:EPWM_setActionQualifierSWAction</name>
         <load_address>0x9001</load_address>
         <run_address>0x9001</run_address>
         <size>0x2c</size>
         <input_file_ref idref="fl-2"/>
      </object_component>
      <object_component id="oc-162">
         <name>.text:TZ_Init_AllPWM_ForceLow</name>
         <load_address>0x902d</load_address>
         <run_address>0x902d</run_address>
         <size>0x2b</size>
         <input_file_ref idref="fl-16"/>
      </object_component>
      <object_component id="oc-e6">
         <name>.text:__TI_auto_init_nobinit_nopinit</name>
         <load_address>0x9058</load_address>
         <run_address>0x9058</run_address>
         <size>0x2b</size>
         <input_file_ref idref="fl-34"/>
      </object_component>
      <object_component id="oc-da">
         <name>.text</name>
         <load_address>0x9083</load_address>
         <run_address>0x9083</run_address>
         <size>0x29</size>
         <input_file_ref idref="fl-38"/>
      </object_component>
      <object_component id="oc-2b2">
         <name>.text:EPWM_setGlobalLoadEventPrescale</name>
         <load_address>0x90ac</load_address>
         <run_address>0x90ac</run_address>
         <size>0x28</size>
         <input_file_ref idref="fl-2"/>
      </object_component>
      <object_component id="oc-19e">
         <name>.text:CAN_selectClockSource</name>
         <load_address>0x90d4</load_address>
         <run_address>0x90d4</run_address>
         <size>0x27</size>
         <input_file_ref idref="fl-3"/>
      </object_component>
      <object_component id="oc-3f9">
         <name>.text:EPWM_isBaseValid</name>
         <load_address>0x90fb</load_address>
         <run_address>0x90fb</run_address>
         <size>0x27</size>
         <input_file_ref idref="fl-2"/>
      </object_component>
      <object_component id="oc-41c">
         <name>.text:GPIO_writePin</name>
         <load_address>0x9122</load_address>
         <run_address>0x9122</run_address>
         <size>0x27</size>
         <input_file_ref idref="fl-2"/>
      </object_component>
      <object_component id="oc-390">
         <name>.text:SysCtl_selectXTALSingleEnded</name>
         <load_address>0x9149</load_address>
         <run_address>0x9149</run_address>
         <size>0x25</size>
         <input_file_ref idref="fl-21"/>
      </object_component>
      <object_component id="oc-3d3">
         <name>.text:DCC_enableSingleShotMode</name>
         <load_address>0x916e</load_address>
         <run_address>0x916e</run_address>
         <size>0x24</size>
         <input_file_ref idref="fl-21"/>
      </object_component>
      <object_component id="oc-2c4">
         <name>.text:EPWM_setupEPWMLinks</name>
         <load_address>0x9192</load_address>
         <run_address>0x9192</run_address>
         <size>0x24</size>
         <input_file_ref idref="fl-2"/>
      </object_component>
      <object_component id="oc-2e8">
         <name>.text:EPWM_setCounterCompareValue</name>
         <load_address>0x91b6</load_address>
         <run_address>0x91b6</run_address>
         <size>0x22</size>
         <input_file_ref idref="fl-2"/>
      </object_component>
      <object_component id="oc-2ca">
         <name>.text:EPWM_enableGlobalLoadRegisters</name>
         <load_address>0x91d8</load_address>
         <run_address>0x91d8</run_address>
         <size>0x21</size>
         <input_file_ref idref="fl-2"/>
      </object_component>
      <object_component id="oc-116">
         <name>.text:main</name>
         <load_address>0x91f9</load_address>
         <run_address>0x91f9</run_address>
         <size>0x21</size>
         <input_file_ref idref="fl-16"/>
      </object_component>
      <object_component id="oc-312">
         <name>.text:EPWM_setFallingEdgeDelayCountShadowLoadMode</name>
         <load_address>0x921a</load_address>
         <run_address>0x921a</run_address>
         <size>0x1f</size>
         <input_file_ref idref="fl-2"/>
      </object_component>
      <object_component id="oc-2ac">
         <name>.text:EPWM_setGlobalLoadTrigger</name>
         <load_address>0x9239</load_address>
         <run_address>0x9239</run_address>
         <size>0x1f</size>
         <input_file_ref idref="fl-2"/>
      </object_component>
      <object_component id="oc-306">
         <name>.text:EPWM_setRisingEdgeDelayCountShadowLoadMode</name>
         <load_address>0x9258</load_address>
         <run_address>0x9258</run_address>
         <size>0x1f</size>
         <input_file_ref idref="fl-2"/>
      </object_component>
      <object_component id="oc-3c1">
         <name>.text:DCC_setCounter0ClkSource</name>
         <load_address>0x9277</load_address>
         <run_address>0x9277</run_address>
         <size>0x1e</size>
         <input_file_ref idref="fl-21"/>
      </object_component>
      <object_component id="oc-3c7">
         <name>.text:DCC_setCounter1ClkSource</name>
         <load_address>0x9295</load_address>
         <run_address>0x9295</run_address>
         <size>0x1e</size>
         <input_file_ref idref="fl-21"/>
      </object_component>
      <object_component id="oc-2e2">
         <name>.text:EPWM_setPhaseShift</name>
         <load_address>0x92b3</load_address>
         <run_address>0x92b3</run_address>
         <size>0x1e</size>
         <input_file_ref idref="fl-2"/>
      </object_component>
      <object_component id="oc-77">
         <name>.text:Interrupt_initVectorTable</name>
         <load_address>0x92d1</load_address>
         <run_address>0x92d1</run_address>
         <size>0x1e</size>
         <input_file_ref idref="fl-20"/>
      </object_component>
      <object_component id="oc-348">
         <name>.text:EPWM_enableSyncOutPulseSource</name>
         <load_address>0x92ef</load_address>
         <run_address>0x92ef</run_address>
         <size>0x1d</size>
         <input_file_ref idref="fl-2"/>
      </object_component>
      <object_component id="oc-8c">
         <name>.text</name>
         <load_address>0x930c</load_address>
         <run_address>0x930c</run_address>
         <size>0x1d</size>
         <input_file_ref idref="fl-3d"/>
      </object_component>
      <object_component id="oc-31e">
         <name>.text:EPWM_enableADCTrigger</name>
         <load_address>0x9329</load_address>
         <run_address>0x9329</run_address>
         <size>0x1c</size>
         <input_file_ref idref="fl-2"/>
      </object_component>
      <object_component id="oc-2b8">
         <name>.text:EPWM_setClockPrescaler</name>
         <load_address>0x9345</load_address>
         <run_address>0x9345</run_address>
         <size>0x1c</size>
         <input_file_ref idref="fl-2"/>
      </object_component>
      <object_component id="oc-27a">
         <name>.text:SysCtl_configureType</name>
         <load_address>0x9361</load_address>
         <run_address>0x9361</run_address>
         <size>0x1c</size>
         <input_file_ref idref="fl-21"/>
      </object_component>
      <object_component id="oc-274">
         <name>.text:SysCtl_setStandbyQualificationPeriod</name>
         <load_address>0x937d</load_address>
         <run_address>0x937d</run_address>
         <size>0x1b</size>
         <input_file_ref idref="fl-2"/>
      </object_component>
      <object_component id="oc-2f4">
         <name>.text:EPWM_disableActionQualifierShadowLoadMode</name>
         <load_address>0x9398</load_address>
         <run_address>0x9398</run_address>
         <size>0x1a</size>
         <input_file_ref idref="fl-2"/>
      </object_component>
      <object_component id="oc-1b7">
         <name>.text:SysCtl_getLowSpeedClock</name>
         <load_address>0x93b2</load_address>
         <run_address>0x93b2</run_address>
         <size>0x1a</size>
         <input_file_ref idref="fl-21"/>
      </object_component>
      <object_component id="oc-330">
         <name>.text:EPWM_setCountModeAfterSync</name>
         <load_address>0x93cc</load_address>
         <run_address>0x93cc</run_address>
         <size>0x19</size>
         <input_file_ref idref="fl-2"/>
      </object_component>
      <object_component id="oc-23d">
         <name>.text:SysCtl_setPLLSysClk</name>
         <load_address>0x93e5</load_address>
         <run_address>0x93e5</run_address>
         <size>0x19</size>
         <input_file_ref idref="fl-21"/>
      </object_component>
      <object_component id="oc-398">
         <name>.text</name>
         <load_address>0x93fe</load_address>
         <run_address>0x93fe</run_address>
         <size>0x19</size>
         <input_file_ref idref="fl-25"/>
      </object_component>
      <object_component id="oc-318">
         <name>.text:EPWM_disableFallingEdgeDelayCountShadowLoadMode</name>
         <load_address>0x9417</load_address>
         <run_address>0x9417</run_address>
         <size>0x18</size>
         <input_file_ref idref="fl-2"/>
      </object_component>
      <object_component id="oc-30c">
         <name>.text:EPWM_disableRisingEdgeDelayCountShadowLoadMode</name>
         <load_address>0x942f</load_address>
         <run_address>0x942f</run_address>
         <size>0x18</size>
         <input_file_ref idref="fl-2"/>
      </object_component>
      <object_component id="oc-292">
         <name>.text:SysCtl_disablePeripheral</name>
         <load_address>0x9447</load_address>
         <run_address>0x9447</run_address>
         <size>0x18</size>
         <input_file_ref idref="fl-2"/>
      </object_component>
      <object_component id="oc-28c">
         <name>.text:SysCtl_enablePeripheral</name>
         <load_address>0x945f</load_address>
         <run_address>0x945f</run_address>
         <size>0x17</size>
         <input_file_ref idref="fl-2"/>
      </object_component>
      <object_component id="oc-39d">
         <name>.text:SysCtl_enablePeripheral</name>
         <load_address>0x9476</load_address>
         <run_address>0x9476</run_address>
         <size>0x17</size>
         <input_file_ref idref="fl-21"/>
      </object_component>
      <object_component id="oc-bc">
         <name>.text</name>
         <load_address>0x948d</load_address>
         <run_address>0x948d</run_address>
         <size>0x17</size>
         <input_file_ref idref="fl-31"/>
      </object_component>
      <object_component id="oc-3bb">
         <name>.text:DCC_disableDoneSignal</name>
         <load_address>0x94a4</load_address>
         <run_address>0x94a4</run_address>
         <size>0x16</size>
         <input_file_ref idref="fl-21"/>
      </object_component>
      <object_component id="oc-342">
         <name>.text:EPWM_setSyncInPulseSource</name>
         <load_address>0x94ba</load_address>
         <run_address>0x94ba</run_address>
         <size>0x16</size>
         <input_file_ref idref="fl-2"/>
      </object_component>
      <object_component id="oc-71">
         <name>.text:Interrupt_defaultHandler</name>
         <load_address>0x94d0</load_address>
         <run_address>0x94d0</run_address>
         <size>0x16</size>
         <input_file_ref idref="fl-20"/>
      </object_component>
      <object_component id="oc-3a9">
         <name>.text:DCC_clearDoneFlag</name>
         <load_address>0x94e6</load_address>
         <run_address>0x94e6</run_address>
         <size>0x15</size>
         <input_file_ref idref="fl-21"/>
      </object_component>
      <object_component id="oc-3a3">
         <name>.text:DCC_clearErrorFlag</name>
         <load_address>0x94fb</load_address>
         <run_address>0x94fb</run_address>
         <size>0x15</size>
         <input_file_ref idref="fl-21"/>
      </object_component>
      <object_component id="oc-3b5">
         <name>.text:DCC_disableErrorSignal</name>
         <load_address>0x9510</load_address>
         <run_address>0x9510</run_address>
         <size>0x15</size>
         <input_file_ref idref="fl-21"/>
      </object_component>
      <object_component id="oc-2a6">
         <name>.text:EPWM_enableGlobalLoad</name>
         <load_address>0x9525</load_address>
         <run_address>0x9525</run_address>
         <size>0x15</size>
         <input_file_ref idref="fl-2"/>
      </object_component>
      <object_component id="oc-336">
         <name>.text:EPWM_enableGlobalLoadOneShotMode</name>
         <load_address>0x953a</load_address>
         <run_address>0x953a</run_address>
         <size>0x15</size>
         <input_file_ref idref="fl-2"/>
      </object_component>
      <object_component id="oc-33c">
         <name>.text:EPWM_setGlobalLoadOneShotLatch</name>
         <load_address>0x954f</load_address>
         <run_address>0x954f</run_address>
         <size>0x15</size>
         <input_file_ref idref="fl-2"/>
      </object_component>
      <object_component id="oc-1d1">
         <name>.text:GPIO_unlockPortConfig</name>
         <load_address>0x9564</load_address>
         <run_address>0x9564</run_address>
         <size>0x15</size>
         <input_file_ref idref="fl-3"/>
      </object_component>
      <object_component id="oc-355">
         <name>.text:gpio28_init</name>
         <load_address>0x9579</load_address>
         <run_address>0x9579</run_address>
         <size>0x15</size>
         <input_file_ref idref="fl-2"/>
      </object_component>
      <object_component id="oc-3af">
         <name>.text:DCC_disableModule</name>
         <load_address>0x958e</load_address>
         <run_address>0x958e</run_address>
         <size>0x14</size>
         <input_file_ref idref="fl-21"/>
      </object_component>
      <object_component id="oc-3d9">
         <name>.text:DCC_enableModule</name>
         <load_address>0x95a2</load_address>
         <run_address>0x95a2</run_address>
         <size>0x14</size>
         <input_file_ref idref="fl-21"/>
      </object_component>
      <object_component id="oc-2d6">
         <name>.text:EPWM_setTimeBaseCounterMode</name>
         <load_address>0x95b6</load_address>
         <run_address>0x95b6</run_address>
         <size>0x14</size>
         <input_file_ref idref="fl-2"/>
      </object_component>
      <object_component id="oc-2be">
         <name>.text:EPWM_setTimeBasePeriod</name>
         <load_address>0x95ca</load_address>
         <run_address>0x95ca</run_address>
         <size>0x14</size>
         <input_file_ref idref="fl-2"/>
      </object_component>
      <object_component id="oc-452">
         <name>.text:GPIO_isPinValid</name>
         <load_address>0x95de</load_address>
         <run_address>0x95de</run_address>
         <size>0x14</size>
         <input_file_ref idref="fl-2"/>
      </object_component>
      <object_component id="oc-3e8">
         <name>.text:GPIO_isPinValid</name>
         <load_address>0x95f2</load_address>
         <run_address>0x95f2</run_address>
         <size>0x14</size>
         <input_file_ref idref="fl-1f"/>
      </object_component>
      <object_component id="oc-280">
         <name>.text:SysCtl_selectErrPinPolarity</name>
         <load_address>0x9606</load_address>
         <run_address>0x9606</run_address>
         <size>0x14</size>
         <input_file_ref idref="fl-2"/>
      </object_component>
      <object_component id="oc-15c">
         <name>.text:TZ_ClearAll_OneShot</name>
         <load_address>0x961a</load_address>
         <run_address>0x961a</run_address>
         <size>0x13</size>
         <input_file_ref idref="fl-16"/>
      </object_component>
      <object_component id="oc-169">
         <name>.text:TZ_TripAll_OneShot</name>
         <load_address>0x962d</load_address>
         <run_address>0x962d</run_address>
         <size>0x13</size>
         <input_file_ref idref="fl-16"/>
      </object_component>
      <object_component id="oc-2d0">
         <name>.text:EPWM_setTimeBaseCounter</name>
         <load_address>0x9640</load_address>
         <run_address>0x9640</run_address>
         <size>0x12</size>
         <input_file_ref idref="fl-2"/>
      </object_component>
      <object_component id="oc-1a4">
         <name>.text:SysCtl_setMCANClk</name>
         <load_address>0x9652</load_address>
         <run_address>0x9652</run_address>
         <size>0x12</size>
         <input_file_ref idref="fl-3"/>
      </object_component>
      <object_component id="oc-299">
         <name>.text:SysCtl_setSyncOutputConfig</name>
         <load_address>0x9664</load_address>
         <run_address>0x9664</run_address>
         <size>0x12</size>
         <input_file_ref idref="fl-2"/>
      </object_component>
      <object_component id="oc-2dc">
         <name>.text:EPWM_enablePhaseShiftLoad</name>
         <load_address>0x9676</load_address>
         <run_address>0x9676</run_address>
         <size>0x11</size>
         <input_file_ref idref="fl-2"/>
      </object_component>
      <object_component id="oc-24c">
         <name>.text:CAN_isBaseValid</name>
         <load_address>0x9687</load_address>
         <run_address>0x9687</run_address>
         <size>0x10</size>
         <input_file_ref idref="fl-3"/>
      </object_component>
      <object_component id="oc-440">
         <name>.text:DCC_isBaseValid</name>
         <load_address>0x9697</load_address>
         <run_address>0x9697</run_address>
         <size>0x10</size>
         <input_file_ref idref="fl-21"/>
      </object_component>
      <object_component id="oc-144">
         <name>.text:Device_initGPIO</name>
         <load_address>0x96a7</load_address>
         <run_address>0x96a7</run_address>
         <size>0x10</size>
         <input_file_ref idref="fl-3"/>
      </object_component>
      <object_component id="oc-150">
         <name>.text:Board_init</name>
         <load_address>0x96b7</load_address>
         <run_address>0x96b7</run_address>
         <size>0xd</size>
         <input_file_ref idref="fl-2"/>
      </object_component>
      <object_component id="oc-1d8">
         <name>.text:Interrupt_disableGlobal</name>
         <load_address>0x96c4</load_address>
         <run_address>0x96c4</run_address>
         <size>0xd</size>
         <input_file_ref idref="fl-20"/>
      </object_component>
      <object_component id="oc-198">
         <name>.text:SysCtl_setLowSpeedClock</name>
         <load_address>0x96d1</load_address>
         <run_address>0x96d1</run_address>
         <size>0xd</size>
         <input_file_ref idref="fl-3"/>
      </object_component>
      <object_component id="oc-29f">
         <name>.text:SysCtl_enableExtADCSOCSource</name>
         <load_address>0x96de</load_address>
         <run_address>0x96de</run_address>
         <size>0xc</size>
         <input_file_ref idref="fl-2"/>
      </object_component>
      <object_component id="oc-d4">
         <name>.text</name>
         <load_address>0x96ea</load_address>
         <run_address>0x96ea</run_address>
         <size>0xc</size>
         <input_file_ref idref="fl-3a"/>
      </object_component>
      <object_component id="oc-18c">
         <name>.text:SysCtl_disableWatchdog</name>
         <load_address>0x96f6</load_address>
         <run_address>0x96f6</run_address>
         <size>0xb</size>
         <input_file_ref idref="fl-3"/>
      </object_component>
      <object_component id="oc-231">
         <name>.text:SysCtl_isMCDClockFailureDetected</name>
         <load_address>0x9701</load_address>
         <run_address>0x9701</run_address>
         <size>0xb</size>
         <input_file_ref idref="fl-21"/>
      </object_component>
      <object_component id="oc-7d">
         <name>.text:Interrupt_illegalOperationHandler</name>
         <load_address>0x970c</load_address>
         <run_address>0x970c</run_address>
         <size>0xa</size>
         <input_file_ref idref="fl-20"/>
      </object_component>
      <object_component id="oc-83">
         <name>.text:Interrupt_nmiHandler</name>
         <load_address>0x9716</load_address>
         <run_address>0x9716</run_address>
         <size>0xa</size>
         <input_file_ref idref="fl-20"/>
      </object_component>
      <object_component id="oc-1eb">
         <name>.text:SYNC_init</name>
         <load_address>0x9720</load_address>
         <run_address>0x9720</run_address>
         <size>0xa</size>
         <input_file_ref idref="fl-2"/>
      </object_component>
      <object_component id="oc-1ff">
         <name>.text:CONTROLLER_init</name>
         <load_address>0x972a</load_address>
         <run_address>0x972a</run_address>
         <size>0x9</size>
         <input_file_ref idref="fl-4"/>
      </object_component>
      <object_component id="oc-179">
         <name>.text</name>
         <load_address>0x9733</load_address>
         <run_address>0x9733</run_address>
         <size>0x9</size>
         <input_file_ref idref="fl-39"/>
      </object_component>
      <object_component id="oc-65">
         <name>.text:decompress:none</name>
         <load_address>0x973c</load_address>
         <run_address>0x973c</run_address>
         <size>0x8</size>
         <input_file_ref idref="fl-36"/>
      </object_component>
      <object_component id="oc-a0">
         <name>.text</name>
         <load_address>0x9744</load_address>
         <run_address>0x9744</run_address>
         <size>0x8</size>
         <input_file_ref idref="fl-5"/>
      </object_component>
      <object_component id="oc-1c3">
         <name>.text:ASysCtl_lockVREG</name>
         <load_address>0x974c</load_address>
         <run_address>0x974c</run_address>
         <size>0x7</size>
         <input_file_ref idref="fl-3"/>
      </object_component>
      <object_component id="oc-286">
         <name>.text:SysCtl_disableMCD</name>
         <load_address>0x9753</load_address>
         <run_address>0x9753</run_address>
         <size>0x7</size>
         <input_file_ref idref="fl-2"/>
      </object_component>
      <object_component id="oc-436">
         <name>.text:SysCtl_resetMCD</name>
         <load_address>0x975a</load_address>
         <run_address>0x975a</run_address>
         <size>0x7</size>
         <input_file_ref idref="fl-21"/>
      </object_component>
      <object_component id="oc-1b1">
         <name>.text:__error__</name>
         <load_address>0x9761</load_address>
         <run_address>0x9761</run_address>
         <size>0x7</size>
         <input_file_ref idref="fl-3"/>
      </object_component>
      <object_component id="oc-156">
         <name>.text:C2000Ware_libraries_init</name>
         <load_address>0x9768</load_address>
         <run_address>0x9768</run_address>
         <size>0x5</size>
         <input_file_ref idref="fl-4"/>
      </object_component>
      <object_component id="oc-1bd">
         <name>.text:SysCtl_deviceCal</name>
         <load_address>0x976d</load_address>
         <run_address>0x976d</run_address>
         <size>0x4</size>
         <input_file_ref idref="fl-3"/>
      </object_component>
      <object_component id="oc-1f7">
         <name>.text:GPIO_init</name>
         <load_address>0x9771</load_address>
         <run_address>0x9771</run_address>
         <size>0x3</size>
         <input_file_ref idref="fl-2"/>
      </object_component>
      <object_component id="oc-cd">
         <name>.text</name>
         <load_address>0x9774</load_address>
         <run_address>0x9774</run_address>
         <size>0x2</size>
         <input_file_ref idref="fl-33"/>
      </object_component>
      <object_component id="oc-129">
         <name>.text</name>
         <load_address>0x9776</load_address>
         <run_address>0x9776</run_address>
         <size>0x1</size>
         <input_file_ref idref="fl-3e"/>
      </object_component>
      <object_component id="oc-4d2">
         <name>.cinit..data.load</name>
         <load_address>0x12c</load_address>
         <run_address>0x12c</run_address>
         <size>0x20</size>
      </object_component>
      <object_component id="oc-4d0">
         <name>__TI_handler_table</name>
         <load_address>0x14c</load_address>
         <run_address>0x14c</run_address>
         <size>0x4</size>
      </object_component>
      <object_component id="oc-4d1">
         <name>__TI_cinit_table</name>
         <load_address>0x150</load_address>
         <run_address>0x150</run_address>
         <size>0x4</size>
      </object_component>
      <object_component id="oc-89">
         <name>.stack</name>
         <uninitialized>true</uninitialized>
         <run_address>0x400</run_address>
         <size>0x0</size>
         <input_file_ref idref="fl-31"/>
      </object_component>
      <object_component id="oc-4d3">
         <name>.stack</name>
         <uninitialized>true</uninitialized>
         <run_address>0x400</run_address>
         <size>0x0</size>
      </object_component>
      <object_component id="oc-3f0">
         <name>.const:.string</name>
         <load_address>0x8000</load_address>
         <run_address>0x8000</run_address>
         <size>0xc1</size>
         <input_file_ref idref="fl-2"/>
      </object_component>
      <object_component id="oc-259">
         <name>.const:.string</name>
         <load_address>0x80c2</load_address>
         <run_address>0x80c2</run_address>
         <size>0x9b</size>
         <input_file_ref idref="fl-1f"/>
      </object_component>
      <object_component id="oc-230">
         <name>.const:.string</name>
         <load_address>0x815e</load_address>
         <run_address>0x815e</run_address>
         <size>0x9b</size>
         <input_file_ref idref="fl-21"/>
      </object_component>
      <object_component id="oc-1b0">
         <name>.const:.string</name>
         <load_address>0x81fa</load_address>
         <run_address>0x81fa</run_address>
         <size>0x4e</size>
         <input_file_ref idref="fl-3"/>
      </object_component>
      <object_component id="oc-429">
         <name>.data</name>
         <load_address>0x8280</load_address>
         <run_address>0x8280</run_address>
         <size>0xd6</size>
         <input_file_ref idref="fl-4"/>
      </object_component>
      <object_component id="oc-11e">
         <name>.data</name>
         <load_address>0x8356</load_address>
         <run_address>0x8356</run_address>
         <size>0x6</size>
         <input_file_ref idref="fl-38"/>
      </object_component>
      <object_component id="oc-121">
         <name>.data:_lock</name>
         <load_address>0x835c</load_address>
         <run_address>0x835c</run_address>
         <size>0x2</size>
         <input_file_ref idref="fl-39"/>
      </object_component>
      <object_component id="oc-222">
         <name>.data:_unlock</name>
         <load_address>0x835e</load_address>
         <run_address>0x835e</run_address>
         <size>0x2</size>
         <input_file_ref idref="fl-39"/>
      </object_component>
      <object_component id="oc-16f">
         <name>CpuSysRegsFile</name>
         <uninitialized>true</uninitialized>
         <run_address>0x5d300</run_address>
         <size>0xb0</size>
         <input_file_ref idref="fl-15"/>
      </object_component>
      <object_component id="oc-20d">
         <name>EPwm1RegsFile</name>
         <uninitialized>true</uninitialized>
         <run_address>0x4000</run_address>
         <size>0x100</size>
         <input_file_ref idref="fl-15"/>
      </object_component>
      <object_component id="oc-210">
         <name>EPwm2RegsFile</name>
         <uninitialized>true</uninitialized>
         <run_address>0x4100</run_address>
         <size>0x100</size>
         <input_file_ref idref="fl-15"/>
      </object_component>
      <object_component id="oc-213">
         <name>EPwm3RegsFile</name>
         <uninitialized>true</uninitialized>
         <run_address>0x4200</run_address>
         <size>0x100</size>
         <input_file_ref idref="fl-15"/>
      </object_component>
      <object_component id="oc-216">
         <name>EPwm4RegsFile</name>
         <uninitialized>true</uninitialized>
         <run_address>0x4300</run_address>
         <size>0x100</size>
         <input_file_ref idref="fl-15"/>
      </object_component>
      <object_component id="oc-1fe">
         <name>.debug_types</name>
         <load_address>0x0</load_address>
         <run_address>0x0</run_address>
         <size>0x24c0</size>
         <input_file_ref idref="fl-2"/>
      </object_component>
      <object_component id="oc-1d0">
         <name>.debug_types</name>
         <load_address>0x24c0</load_address>
         <run_address>0x24c0</run_address>
         <size>0x554</size>
         <input_file_ref idref="fl-3"/>
      </object_component>
      <object_component id="oc-20c">
         <name>.debug_types</name>
         <load_address>0x2a14</load_address>
         <run_address>0x2a14</run_address>
         <size>0x49e</size>
         <input_file_ref idref="fl-4"/>
      </object_component>
      <object_component id="oc-21e">
         <name>.debug_types</name>
         <load_address>0x2eb2</load_address>
         <run_address>0x2eb2</run_address>
         <size>0x51e7e</size>
         <input_file_ref idref="fl-15"/>
      </object_component>
      <object_component id="oc-173">
         <name>.debug_types</name>
         <load_address>0x0</load_address>
         <run_address>0x0</run_address>
         <size>0x0</size>
         <input_file_ref idref="fl-16"/>
      </object_component>
      <object_component id="oc-25b">
         <name>.debug_types</name>
         <load_address>0x54d30</load_address>
         <run_address>0x54d30</run_address>
         <size>0x24d</size>
         <input_file_ref idref="fl-1f"/>
      </object_component>
      <object_component id="oc-a7">
         <name>.debug_types</name>
         <load_address>0x0</load_address>
         <run_address>0x0</run_address>
         <size>0x0</size>
         <input_file_ref idref="fl-20"/>
      </object_component>
      <object_component id="oc-24a">
         <name>.debug_types</name>
         <load_address>0x54f7d</load_address>
         <run_address>0x54f7d</run_address>
         <size>0xa2d</size>
         <input_file_ref idref="fl-21"/>
      </object_component>
      <object_component id="oc-e5">
         <name>.debug_types</name>
         <load_address>0x0</load_address>
         <run_address>0x0</run_address>
         <size>0x0</size>
         <input_file_ref idref="fl-33"/>
      </object_component>
      <object_component id="oc-130">
         <name>.debug_types</name>
         <load_address>0x559aa</load_address>
         <run_address>0x559aa</run_address>
         <size>0x49b</size>
         <input_file_ref idref="fl-34"/>
      </object_component>
      <object_component id="oc-93">
         <name>.debug_types</name>
         <load_address>0x55e45</load_address>
         <run_address>0x55e45</run_address>
         <size>0x1c8</size>
         <input_file_ref idref="fl-36"/>
      </object_component>
      <object_component id="oc-8b">
         <name>.debug_types</name>
         <load_address>0x5600d</load_address>
         <run_address>0x5600d</run_address>
         <size>0x191</size>
         <input_file_ref idref="fl-37"/>
      </object_component>
      <object_component id="oc-125">
         <name>.debug_types</name>
         <load_address>0x5619e</load_address>
         <run_address>0x5619e</run_address>
         <size>0xbf</size>
         <input_file_ref idref="fl-38"/>
      </object_component>
      <object_component id="oc-181">
         <name>.debug_types</name>
         <load_address>0x5625d</load_address>
         <run_address>0x5625d</run_address>
         <size>0x2f</size>
         <input_file_ref idref="fl-39"/>
      </object_component>
      <object_component id="oc-11d">
         <name>.debug_types</name>
         <load_address>0x5628c</load_address>
         <run_address>0x5628c</run_address>
         <size>0xe1</size>
         <input_file_ref idref="fl-3a"/>
      </object_component>
      <object_component id="oc-af">
         <name>.debug_types</name>
         <load_address>0x5636d</load_address>
         <run_address>0x5636d</run_address>
         <size>0xe3</size>
         <input_file_ref idref="fl-3d"/>
      </object_component>
      <object_component id="oc-186">
         <name>.debug_types</name>
         <load_address>0x0</load_address>
         <run_address>0x0</run_address>
         <size>0x0</size>
         <input_file_ref idref="fl-3e"/>
      </object_component>
      <object_component id="oc-28d">
         <name>.debug_info</name>
         <load_address>0x0</load_address>
         <run_address>0x0</run_address>
         <size>0x1be</size>
         <input_file_ref idref="fl-2"/>
      </object_component>
      <object_component id="oc-294">
         <name>.debug_info</name>
         <load_address>0x1be</load_address>
         <run_address>0x1be</run_address>
         <size>0x1c0</size>
         <input_file_ref idref="fl-2"/>
      </object_component>
      <object_component id="oc-275">
         <name>.debug_info</name>
         <load_address>0x37e</load_address>
         <run_address>0x37e</run_address>
         <size>0x1b5</size>
         <input_file_ref idref="fl-2"/>
      </object_component>
      <object_component id="oc-287">
         <name>.debug_info</name>
         <load_address>0x533</load_address>
         <run_address>0x533</run_address>
         <size>0x15b</size>
         <input_file_ref idref="fl-2"/>
      </object_component>
      <object_component id="oc-29a">
         <name>.debug_info</name>
         <load_address>0x68e</load_address>
         <run_address>0x68e</run_address>
         <size>0x194</size>
         <input_file_ref idref="fl-2"/>
      </object_component>
      <object_component id="oc-2a0">
         <name>.debug_info</name>
         <load_address>0x822</load_address>
         <run_address>0x822</run_address>
         <size>0x19c</size>
         <input_file_ref idref="fl-2"/>
      </object_component>
      <object_component id="oc-281">
         <name>.debug_info</name>
         <load_address>0x9be</load_address>
         <run_address>0x9be</run_address>
         <size>0x18e</size>
         <input_file_ref idref="fl-2"/>
      </object_component>
      <object_component id="oc-3fa">
         <name>.debug_info</name>
         <load_address>0xb4c</load_address>
         <run_address>0xb4c</run_address>
         <size>0x180</size>
         <input_file_ref idref="fl-2"/>
      </object_component>
      <object_component id="oc-2d1">
         <name>.debug_info</name>
         <load_address>0xccc</load_address>
         <run_address>0xccc</run_address>
         <size>0x1ce</size>
         <input_file_ref idref="fl-2"/>
      </object_component>
      <object_component id="oc-331">
         <name>.debug_info</name>
         <load_address>0xe9a</load_address>
         <run_address>0xe9a</run_address>
         <size>0x1d2</size>
         <input_file_ref idref="fl-2"/>
      </object_component>
      <object_component id="oc-2b9">
         <name>.debug_info</name>
         <load_address>0x106c</load_address>
         <run_address>0x106c</run_address>
         <size>0x211</size>
         <input_file_ref idref="fl-2"/>
      </object_component>
      <object_component id="oc-343">
         <name>.debug_info</name>
         <load_address>0x127d</load_address>
         <run_address>0x127d</run_address>
         <size>0x1d4</size>
         <input_file_ref idref="fl-2"/>
      </object_component>
      <object_component id="oc-349">
         <name>.debug_info</name>
         <load_address>0x1451</load_address>
         <run_address>0x1451</run_address>
         <size>0x1eb</size>
         <input_file_ref idref="fl-2"/>
      </object_component>
      <object_component id="oc-2dd">
         <name>.debug_info</name>
         <load_address>0x163c</load_address>
         <run_address>0x163c</run_address>
         <size>0x1af</size>
         <input_file_ref idref="fl-2"/>
      </object_component>
      <object_component id="oc-2d7">
         <name>.debug_info</name>
         <load_address>0x17eb</load_address>
         <run_address>0x17eb</run_address>
         <size>0x1e2</size>
         <input_file_ref idref="fl-2"/>
      </object_component>
      <object_component id="oc-2e3">
         <name>.debug_info</name>
         <load_address>0x19cd</load_address>
         <run_address>0x19cd</run_address>
         <size>0x1ce</size>
         <input_file_ref idref="fl-2"/>
      </object_component>
      <object_component id="oc-2bf">
         <name>.debug_info</name>
         <load_address>0x1b9b</load_address>
         <run_address>0x1b9b</run_address>
         <size>0x1d8</size>
         <input_file_ref idref="fl-2"/>
      </object_component>
      <object_component id="oc-2c5">
         <name>.debug_info</name>
         <load_address>0x1d73</load_address>
         <run_address>0x1d73</run_address>
         <size>0x210</size>
         <input_file_ref idref="fl-2"/>
      </object_component>
      <object_component id="oc-2ef">
         <name>.debug_info</name>
         <load_address>0x1f83</load_address>
         <run_address>0x1f83</run_address>
         <size>0x289</size>
         <input_file_ref idref="fl-2"/>
      </object_component>
      <object_component id="oc-2e9">
         <name>.debug_info</name>
         <load_address>0x220c</load_address>
         <run_address>0x220c</run_address>
         <size>0x226</size>
         <input_file_ref idref="fl-2"/>
      </object_component>
      <object_component id="oc-2fb">
         <name>.debug_info</name>
         <load_address>0x2432</load_address>
         <run_address>0x2432</run_address>
         <size>0x251</size>
         <input_file_ref idref="fl-2"/>
      </object_component>
      <object_component id="oc-2f5">
         <name>.debug_info</name>
         <load_address>0x2683</load_address>
         <run_address>0x2683</run_address>
         <size>0x215</size>
         <input_file_ref idref="fl-2"/>
      </object_component>
      <object_component id="oc-301">
         <name>.debug_info</name>
         <load_address>0x2898</load_address>
         <run_address>0x2898</run_address>
         <size>0x252</size>
         <input_file_ref idref="fl-2"/>
      </object_component>
      <object_component id="oc-34f">
         <name>.debug_info</name>
         <load_address>0x2aea</load_address>
         <run_address>0x2aea</run_address>
         <size>0x20d</size>
         <input_file_ref idref="fl-2"/>
      </object_component>
      <object_component id="oc-307">
         <name>.debug_info</name>
         <load_address>0x2cf7</load_address>
         <run_address>0x2cf7</run_address>
         <size>0x1fa</size>
         <input_file_ref idref="fl-2"/>
      </object_component>
      <object_component id="oc-30d">
         <name>.debug_info</name>
         <load_address>0x2ef1</load_address>
         <run_address>0x2ef1</run_address>
         <size>0x1d9</size>
         <input_file_ref idref="fl-2"/>
      </object_component>
      <object_component id="oc-313">
         <name>.debug_info</name>
         <load_address>0x30ca</load_address>
         <run_address>0x30ca</run_address>
         <size>0x1fc</size>
         <input_file_ref idref="fl-2"/>
      </object_component>
      <object_component id="oc-319">
         <name>.debug_info</name>
         <load_address>0x32c6</load_address>
         <run_address>0x32c6</run_address>
         <size>0x1db</size>
         <input_file_ref idref="fl-2"/>
      </object_component>
      <object_component id="oc-31f">
         <name>.debug_info</name>
         <load_address>0x34a1</load_address>
         <run_address>0x34a1</run_address>
         <size>0x1d4</size>
         <input_file_ref idref="fl-2"/>
      </object_component>
      <object_component id="oc-325">
         <name>.debug_info</name>
         <load_address>0x3675</load_address>
         <run_address>0x3675</run_address>
         <size>0x218</size>
         <input_file_ref idref="fl-2"/>
      </object_component>
      <object_component id="oc-32b">
         <name>.debug_info</name>
         <load_address>0x388d</load_address>
         <run_address>0x388d</run_address>
         <size>0x22a</size>
         <input_file_ref idref="fl-2"/>
      </object_component>
      <object_component id="oc-2a7">
         <name>.debug_info</name>
         <load_address>0x3ab7</load_address>
         <run_address>0x3ab7</run_address>
         <size>0x1a7</size>
         <input_file_ref idref="fl-2"/>
      </object_component>
      <object_component id="oc-2ad">
         <name>.debug_info</name>
         <load_address>0x3c5e</load_address>
         <run_address>0x3c5e</run_address>
         <size>0x1de</size>
         <input_file_ref idref="fl-2"/>
      </object_component>
      <object_component id="oc-2b3">
         <name>.debug_info</name>
         <load_address>0x3e3c</load_address>
         <run_address>0x3e3c</run_address>
         <size>0x207</size>
         <input_file_ref idref="fl-2"/>
      </object_component>
      <object_component id="oc-337">
         <name>.debug_info</name>
         <load_address>0x4043</load_address>
         <run_address>0x4043</run_address>
         <size>0x1bd</size>
         <input_file_ref idref="fl-2"/>
      </object_component>
      <object_component id="oc-33d">
         <name>.debug_info</name>
         <load_address>0x4200</load_address>
         <run_address>0x4200</run_address>
         <size>0x1b9</size>
         <input_file_ref idref="fl-2"/>
      </object_component>
      <object_component id="oc-2cb">
         <name>.debug_info</name>
         <load_address>0x43b9</load_address>
         <run_address>0x43b9</run_address>
         <size>0x1f9</size>
         <input_file_ref idref="fl-2"/>
      </object_component>
      <object_component id="oc-453">
         <name>.debug_info</name>
         <load_address>0x45b2</load_address>
         <run_address>0x45b2</run_address>
         <size>0x17a</size>
         <input_file_ref idref="fl-2"/>
      </object_component>
      <object_component id="oc-41d">
         <name>.debug_info</name>
         <load_address>0x472c</load_address>
         <run_address>0x472c</run_address>
         <size>0x1d3</size>
         <input_file_ref idref="fl-2"/>
      </object_component>
      <object_component id="oc-151">
         <name>.debug_info</name>
         <load_address>0x48ff</load_address>
         <run_address>0x48ff</run_address>
         <size>0x168</size>
         <input_file_ref idref="fl-2"/>
      </object_component>
      <object_component id="oc-1e0">
         <name>.debug_info</name>
         <load_address>0x4a67</load_address>
         <run_address>0x4a67</run_address>
         <size>0x3b2</size>
         <input_file_ref idref="fl-2"/>
      </object_component>
      <object_component id="oc-1f2">
         <name>.debug_info</name>
         <load_address>0x4e19</load_address>
         <run_address>0x4e19</run_address>
         <size>0x1691</size>
         <input_file_ref idref="fl-2"/>
      </object_component>
      <object_component id="oc-1f8">
         <name>.debug_info</name>
         <load_address>0x64aa</load_address>
         <run_address>0x64aa</run_address>
         <size>0x12a</size>
         <input_file_ref idref="fl-2"/>
      </object_component>
      <object_component id="oc-356">
         <name>.debug_info</name>
         <load_address>0x65d4</load_address>
         <run_address>0x65d4</run_address>
         <size>0x181</size>
         <input_file_ref idref="fl-2"/>
      </object_component>
      <object_component id="oc-1ec">
         <name>.debug_info</name>
         <load_address>0x6755</load_address>
         <run_address>0x6755</run_address>
         <size>0x17d</size>
         <input_file_ref idref="fl-2"/>
      </object_component>
      <object_component id="oc-1e6">
         <name>.debug_info</name>
         <load_address>0x68d2</load_address>
         <run_address>0x68d2</run_address>
         <size>0x591</size>
         <input_file_ref idref="fl-2"/>
      </object_component>
      <object_component id="oc-1c6">
         <name>.debug_info</name>
         <load_address>0x6e63</load_address>
         <run_address>0x6e63</run_address>
         <size>0x15b</size>
         <input_file_ref idref="fl-3"/>
      </object_component>
      <object_component id="oc-1be">
         <name>.debug_info</name>
         <load_address>0x6fbe</load_address>
         <run_address>0x6fbe</run_address>
         <size>0x15f</size>
         <input_file_ref idref="fl-3"/>
      </object_component>
      <object_component id="oc-19b">
         <name>.debug_info</name>
         <load_address>0x711d</load_address>
         <run_address>0x711d</run_address>
         <size>0x193</size>
         <input_file_ref idref="fl-3"/>
      </object_component>
      <object_component id="oc-18d">
         <name>.debug_info</name>
         <load_address>0x72b0</load_address>
         <run_address>0x72b0</run_address>
         <size>0x166</size>
         <input_file_ref idref="fl-3"/>
      </object_component>
      <object_component id="oc-1a5">
         <name>.debug_info</name>
         <load_address>0x7416</load_address>
         <run_address>0x7416</run_address>
         <size>0x183</size>
         <input_file_ref idref="fl-3"/>
      </object_component>
      <object_component id="oc-24e">
         <name>.debug_info</name>
         <load_address>0x7599</load_address>
         <run_address>0x7599</run_address>
         <size>0x17e</size>
         <input_file_ref idref="fl-3"/>
      </object_component>
      <object_component id="oc-19f">
         <name>.debug_info</name>
         <load_address>0x7717</load_address>
         <run_address>0x7717</run_address>
         <size>0x1cb</size>
         <input_file_ref idref="fl-3"/>
      </object_component>
      <object_component id="oc-1d2">
         <name>.debug_info</name>
         <load_address>0x78e2</load_address>
         <run_address>0x78e2</run_address>
         <size>0x1c2</size>
         <input_file_ref idref="fl-3"/>
      </object_component>
      <object_component id="oc-141">
         <name>.debug_info</name>
         <load_address>0x7aa4</load_address>
         <run_address>0x7aa4</run_address>
         <size>0x291</size>
         <input_file_ref idref="fl-3"/>
      </object_component>
      <object_component id="oc-145">
         <name>.debug_info</name>
         <load_address>0x7d35</load_address>
         <run_address>0x7d35</run_address>
         <size>0x176</size>
         <input_file_ref idref="fl-3"/>
      </object_component>
      <object_component id="oc-1b2">
         <name>.debug_info</name>
         <load_address>0x7eab</load_address>
         <run_address>0x7eab</run_address>
         <size>0x163</size>
         <input_file_ref idref="fl-3"/>
      </object_component>
      <object_component id="oc-42a">
         <name>.debug_info</name>
         <load_address>0x800e</load_address>
         <run_address>0x800e</run_address>
         <size>0x259</size>
         <input_file_ref idref="fl-4"/>
      </object_component>
      <object_component id="oc-157">
         <name>.debug_info</name>
         <load_address>0x8267</load_address>
         <run_address>0x8267</run_address>
         <size>0x174</size>
         <input_file_ref idref="fl-4"/>
      </object_component>
      <object_component id="oc-360">
         <name>.debug_info</name>
         <load_address>0x83db</load_address>
         <run_address>0x83db</run_address>
         <size>0x131</size>
         <input_file_ref idref="fl-4"/>
      </object_component>
      <object_component id="oc-366">
         <name>.debug_info</name>
         <load_address>0x850c</load_address>
         <run_address>0x850c</run_address>
         <size>0x131</size>
         <input_file_ref idref="fl-4"/>
      </object_component>
      <object_component id="oc-36c">
         <name>.debug_info</name>
         <load_address>0x863d</load_address>
         <run_address>0x863d</run_address>
         <size>0x131</size>
         <input_file_ref idref="fl-4"/>
      </object_component>
      <object_component id="oc-372">
         <name>.debug_info</name>
         <load_address>0x876e</load_address>
         <run_address>0x876e</run_address>
         <size>0x131</size>
         <input_file_ref idref="fl-4"/>
      </object_component>
      <object_component id="oc-200">
         <name>.debug_info</name>
         <load_address>0x889f</load_address>
         <run_address>0x889f</run_address>
         <size>0x177</size>
         <input_file_ref idref="fl-4"/>
      </object_component>
      <object_component id="oc-206">
         <name>.debug_info</name>
         <load_address>0x8a16</load_address>
         <run_address>0x8a16</run_address>
         <size>0x131</size>
         <input_file_ref idref="fl-4"/>
      </object_component>
      <object_component id="oc-6e">
         <name>.debug_info</name>
         <load_address>0x8b47</load_address>
         <run_address>0x8b47</run_address>
         <size>0x18e</size>
         <input_file_ref idref="fl-5"/>
      </object_component>
      <object_component id="oc-a2">
         <name>.debug_info</name>
         <load_address>0x8cd5</load_address>
         <run_address>0x8cd5</run_address>
         <size>0x18f</size>
         <input_file_ref idref="fl-5"/>
      </object_component>
      <object_component id="oc-170">
         <name>.debug_info</name>
         <load_address>0x8e64</load_address>
         <run_address>0x8e64</run_address>
         <size>0x14b</size>
         <input_file_ref idref="fl-15"/>
      </object_component>
      <object_component id="oc-20e">
         <name>.debug_info</name>
         <load_address>0x8faf</load_address>
         <run_address>0x8faf</run_address>
         <size>0x14a</size>
         <input_file_ref idref="fl-15"/>
      </object_component>
      <object_component id="oc-211">
         <name>.debug_info</name>
         <load_address>0x90f9</load_address>
         <run_address>0x90f9</run_address>
         <size>0x14a</size>
         <input_file_ref idref="fl-15"/>
      </object_component>
      <object_component id="oc-214">
         <name>.debug_info</name>
         <load_address>0x9243</load_address>
         <run_address>0x9243</run_address>
         <size>0x14a</size>
         <input_file_ref idref="fl-15"/>
      </object_component>
      <object_component id="oc-217">
         <name>.debug_info</name>
         <load_address>0x938d</load_address>
         <run_address>0x938d</run_address>
         <size>0x14a</size>
         <input_file_ref idref="fl-15"/>
      </object_component>
      <object_component id="oc-164">
         <name>.debug_info</name>
         <load_address>0x94d7</load_address>
         <run_address>0x94d7</run_address>
         <size>0x129</size>
         <input_file_ref idref="fl-16"/>
      </object_component>
      <object_component id="oc-16b">
         <name>.debug_info</name>
         <load_address>0x9600</load_address>
         <run_address>0x9600</run_address>
         <size>0x11f</size>
         <input_file_ref idref="fl-16"/>
      </object_component>
      <object_component id="oc-15e">
         <name>.debug_info</name>
         <load_address>0x971f</load_address>
         <run_address>0x971f</run_address>
         <size>0x121</size>
         <input_file_ref idref="fl-16"/>
      </object_component>
      <object_component id="oc-118">
         <name>.debug_info</name>
         <load_address>0x9840</load_address>
         <run_address>0x9840</run_address>
         <size>0x1eb</size>
         <input_file_ref idref="fl-16"/>
      </object_component>
      <object_component id="oc-3ea">
         <name>.debug_info</name>
         <load_address>0x9a2b</load_address>
         <run_address>0x9a2b</run_address>
         <size>0x1cd</size>
         <input_file_ref idref="fl-1f"/>
      </object_component>
      <object_component id="oc-424">
         <name>.debug_info</name>
         <load_address>0x9bf8</load_address>
         <run_address>0x9bf8</run_address>
         <size>0x245</size>
         <input_file_ref idref="fl-1f"/>
      </object_component>
      <object_component id="oc-268">
         <name>.debug_info</name>
         <load_address>0x9e3d</load_address>
         <run_address>0x9e3d</run_address>
         <size>0x22e</size>
         <input_file_ref idref="fl-1f"/>
      </object_component>
      <object_component id="oc-26e">
         <name>.debug_info</name>
         <load_address>0xa06b</load_address>
         <run_address>0xa06b</run_address>
         <size>0x276</size>
         <input_file_ref idref="fl-1f"/>
      </object_component>
      <object_component id="oc-1ca">
         <name>.debug_info</name>
         <load_address>0xa2e1</load_address>
         <run_address>0xa2e1</run_address>
         <size>0x22a</size>
         <input_file_ref idref="fl-1f"/>
      </object_component>
      <object_component id="oc-262">
         <name>.debug_info</name>
         <load_address>0xa50b</load_address>
         <run_address>0xa50b</run_address>
         <size>0x217</size>
         <input_file_ref idref="fl-1f"/>
      </object_component>
      <object_component id="oc-1da">
         <name>.debug_info</name>
         <load_address>0xa722</load_address>
         <run_address>0xa722</run_address>
         <size>0x1c8</size>
         <input_file_ref idref="fl-20"/>
      </object_component>
      <object_component id="oc-14b">
         <name>.debug_info</name>
         <load_address>0xa8ea</load_address>
         <run_address>0xa8ea</run_address>
         <size>0x1d7</size>
         <input_file_ref idref="fl-20"/>
      </object_component>
      <object_component id="oc-73">
         <name>.debug_info</name>
         <load_address>0xaac1</load_address>
         <run_address>0xaac1</run_address>
         <size>0x1e4</size>
         <input_file_ref idref="fl-20"/>
      </object_component>
      <object_component id="oc-7e">
         <name>.debug_info</name>
         <load_address>0xaca5</load_address>
         <run_address>0xaca5</run_address>
         <size>0x1ca</size>
         <input_file_ref idref="fl-20"/>
      </object_component>
      <object_component id="oc-85">
         <name>.debug_info</name>
         <load_address>0xae6f</load_address>
         <run_address>0xae6f</run_address>
         <size>0x1b0</size>
         <input_file_ref idref="fl-20"/>
      </object_component>
      <object_component id="oc-78">
         <name>.debug_info</name>
         <load_address>0xb01f</load_address>
         <run_address>0xb01f</run_address>
         <size>0x1d4</size>
         <input_file_ref idref="fl-20"/>
      </object_component>
      <object_component id="oc-39f">
         <name>.debug_info</name>
         <load_address>0xb1f3</load_address>
         <run_address>0xb1f3</run_address>
         <size>0x213</size>
         <input_file_ref idref="fl-21"/>
      </object_component>
      <object_component id="oc-233">
         <name>.debug_info</name>
         <load_address>0xb406</load_address>
         <run_address>0xb406</run_address>
         <size>0x1d6</size>
         <input_file_ref idref="fl-21"/>
      </object_component>
      <object_component id="oc-437">
         <name>.debug_info</name>
         <load_address>0xb5dc</load_address>
         <run_address>0xb5dc</run_address>
         <size>0x1ac</size>
         <input_file_ref idref="fl-21"/>
      </object_component>
      <object_component id="oc-23e">
         <name>.debug_info</name>
         <load_address>0xb788</load_address>
         <run_address>0xb788</run_address>
         <size>0x1db</size>
         <input_file_ref idref="fl-21"/>
      </object_component>
      <object_component id="oc-443">
         <name>.debug_info</name>
         <load_address>0xb963</load_address>
         <run_address>0xb963</run_address>
         <size>0x1d0</size>
         <input_file_ref idref="fl-21"/>
      </object_component>
      <object_component id="oc-3dc">
         <name>.debug_info</name>
         <load_address>0xbb33</load_address>
         <run_address>0xbb33</run_address>
         <size>0x1ee</size>
         <input_file_ref idref="fl-21"/>
      </object_component>
      <object_component id="oc-3b1">
         <name>.debug_info</name>
         <load_address>0xbd21</load_address>
         <run_address>0xbd21</run_address>
         <size>0x1f0</size>
         <input_file_ref idref="fl-21"/>
      </object_component>
      <object_component id="oc-3b8">
         <name>.debug_info</name>
         <load_address>0xbf11</load_address>
         <run_address>0xbf11</run_address>
         <size>0x1fc</size>
         <input_file_ref idref="fl-21"/>
      </object_component>
      <object_component id="oc-3be">
         <name>.debug_info</name>
         <load_address>0xc10d</load_address>
         <run_address>0xc10d</run_address>
         <size>0x1fa</size>
         <input_file_ref idref="fl-21"/>
      </object_component>
      <object_component id="oc-3d6">
         <name>.debug_info</name>
         <load_address>0xc307</load_address>
         <run_address>0xc307</run_address>
         <size>0x221</size>
         <input_file_ref idref="fl-21"/>
      </object_component>
      <object_component id="oc-3a5">
         <name>.debug_info</name>
         <load_address>0xc528</load_address>
         <run_address>0xc528</run_address>
         <size>0x1f4</size>
         <input_file_ref idref="fl-21"/>
      </object_component>
      <object_component id="oc-3ab">
         <name>.debug_info</name>
         <load_address>0xc71c</load_address>
         <run_address>0xc71c</run_address>
         <size>0x1f2</size>
         <input_file_ref idref="fl-21"/>
      </object_component>
      <object_component id="oc-3c9">
         <name>.debug_info</name>
         <load_address>0xc90e</load_address>
         <run_address>0xc90e</run_address>
         <size>0x225</size>
         <input_file_ref idref="fl-21"/>
      </object_component>
      <object_component id="oc-3c3">
         <name>.debug_info</name>
         <load_address>0xcb33</load_address>
         <run_address>0xcb33</run_address>
         <size>0x225</size>
         <input_file_ref idref="fl-21"/>
      </object_component>
      <object_component id="oc-3cf">
         <name>.debug_info</name>
         <load_address>0xcd58</load_address>
         <run_address>0xcd58</run_address>
         <size>0x294</size>
         <input_file_ref idref="fl-21"/>
      </object_component>
      <object_component id="oc-432">
         <name>.debug_info</name>
         <load_address>0xcfec</load_address>
         <run_address>0xcfec</run_address>
         <size>0x210</size>
         <input_file_ref idref="fl-21"/>
      </object_component>
      <object_component id="oc-1ad">
         <name>.debug_info</name>
         <load_address>0xd1fc</load_address>
         <run_address>0xd1fc</run_address>
         <size>0x26f</size>
         <input_file_ref idref="fl-21"/>
      </object_component>
      <object_component id="oc-195">
         <name>.debug_info</name>
         <load_address>0xd46b</load_address>
         <run_address>0xd46b</run_address>
         <size>0x3ee</size>
         <input_file_ref idref="fl-21"/>
      </object_component>
      <object_component id="oc-38d">
         <name>.debug_info</name>
         <load_address>0xd859</load_address>
         <run_address>0xd859</run_address>
         <size>0x248</size>
         <input_file_ref idref="fl-21"/>
      </object_component>
      <object_component id="oc-392">
         <name>.debug_info</name>
         <load_address>0xdaa1</load_address>
         <run_address>0xdaa1</run_address>
         <size>0x219</size>
         <input_file_ref idref="fl-21"/>
      </object_component>
      <object_component id="oc-239">
         <name>.debug_info</name>
         <load_address>0xdcba</load_address>
         <run_address>0xdcba</run_address>
         <size>0x22d</size>
         <input_file_ref idref="fl-21"/>
      </object_component>
      <object_component id="oc-1ba">
         <name>.debug_info</name>
         <load_address>0xdee7</load_address>
         <run_address>0xdee7</run_address>
         <size>0x219</size>
         <input_file_ref idref="fl-21"/>
      </object_component>
      <object_component id="oc-245">
         <name>.debug_info</name>
         <load_address>0xe100</load_address>
         <run_address>0xe100</run_address>
         <size>0x487</size>
         <input_file_ref idref="fl-21"/>
      </object_component>
      <object_component id="oc-27d">
         <name>.debug_info</name>
         <load_address>0xe587</load_address>
         <run_address>0xe587</run_address>
         <size>0x22c</size>
         <input_file_ref idref="fl-21"/>
      </object_component>
      <object_component id="oc-399">
         <name>.debug_info</name>
         <load_address>0xe7b3</load_address>
         <run_address>0xe7b3</run_address>
         <size>0x181</size>
         <input_file_ref idref="fl-25"/>
      </object_component>
      <object_component id="oc-bd">
         <name>.debug_info</name>
         <load_address>0xe934</load_address>
         <run_address>0xe934</run_address>
         <size>0x147</size>
         <input_file_ref idref="fl-31"/>
      </object_component>
      <object_component id="oc-d0">
         <name>.debug_info</name>
         <load_address>0xea7b</load_address>
         <run_address>0xea7b</run_address>
         <size>0x13c</size>
         <input_file_ref idref="fl-33"/>
      </object_component>
      <object_component id="oc-e9">
         <name>.debug_info</name>
         <load_address>0xebb7</load_address>
         <run_address>0xebb7</run_address>
         <size>0x1ae</size>
         <input_file_ref idref="fl-34"/>
      </object_component>
      <object_component id="oc-66">
         <name>.debug_info</name>
         <load_address>0xed65</load_address>
         <run_address>0xed65</run_address>
         <size>0x1a6</size>
         <input_file_ref idref="fl-36"/>
      </object_component>
      <object_component id="oc-60">
         <name>.debug_info</name>
         <load_address>0xef0b</load_address>
         <run_address>0xef0b</run_address>
         <size>0x1fb</size>
         <input_file_ref idref="fl-37"/>
      </object_component>
      <object_component id="oc-11f">
         <name>.debug_info</name>
         <load_address>0xf106</load_address>
         <run_address>0xf106</run_address>
         <size>0x18d</size>
         <input_file_ref idref="fl-38"/>
      </object_component>
      <object_component id="oc-dc">
         <name>.debug_info</name>
         <load_address>0xf293</load_address>
         <run_address>0xf293</run_address>
         <size>0x198</size>
         <input_file_ref idref="fl-38"/>
      </object_component>
      <object_component id="oc-122">
         <name>.debug_info</name>
         <load_address>0xf42b</load_address>
         <run_address>0xf42b</run_address>
         <size>0xf6</size>
         <input_file_ref idref="fl-39"/>
      </object_component>
      <object_component id="oc-223">
         <name>.debug_info</name>
         <load_address>0xf521</load_address>
         <run_address>0xf521</run_address>
         <size>0xfa</size>
         <input_file_ref idref="fl-39"/>
      </object_component>
      <object_component id="oc-17d">
[...]
         <usage_details>
         </usage_details>
      </memory_area>
      <memory_area display="yes" color="green">
         <name>ANALOGSUBSYS</name>
         <page_id>0x1</page_id>
         <origin>0x5d700</origin>
         <length>0x12a</length>
         <used_space>0x0</used_space>
         <unused_space>0x12a</unused_space>
         <attributes>RWIX</attributes>
         <usage_details>
         </usage_details>
      </memory_area>
      <memory_area display="no" color="green">
         <name>DCC0</name>
         <page_id>0x1</page_id>
         <origin>0x5e700</origin>
         <length>0x38</length>
         <used_space>0x0</used_space>
         <unused_space>0x38</unused_space>
         <attributes>RWIX</attributes>
         <usage_details>
         </usage_details>
      </memory_area>
      <memory_area display="no" color="green">
         <name>EPG1</name>
         <page_id>0x1</page_id>
         <origin>0x5ec00</origin>
         <length>0x50</length>
         <used_space>0x0</used_space>
         <unused_space>0x50</unused_space>
         <attributes>RWIX</attributes>
         <usage_details>
         </usage_details>
      </memory_area>
      <memory_area display="no" color="green">
         <name>EPG1MUX</name>
         <page_id>0x1</page_id>
         <origin>0x5ecd0</origin>
         <length>0x10</length>
         <used_space>0x0</used_space>
         <unused_space>0x10</unused_space>
         <attributes>RWIX</attributes>
         <usage_details>
         </usage_details>
      </memory_area>
      <memory_area display="no" color="green">
         <name>DCSMZ1</name>
         <page_id>0x1</page_id>
         <origin>0x5f000</origin>
         <length>0x3e</length>
         <used_space>0x0</used_space>
         <unused_space>0x3e</unused_space>
         <attributes>RWIX</attributes>
         <usage_details>
         </usage_details>
      </memory_area>
      <memory_area display="no" color="green">
         <name>DCSMZ2</name>
         <page_id>0x1</page_id>
         <origin>0x5f080</origin>
         <length>0x3e</length>
         <used_space>0x0</used_space>
         <unused_space>0x3e</unused_space>
         <attributes>RWIX</attributes>
         <usage_details>
         </usage_details>
      </memory_area>
      <memory_area display="no" color="green">
         <name>DCSMCOMMON</name>
         <page_id>0x1</page_id>
         <origin>0x5f0c0</origin>
         <length>0x40</length>
         <used_space>0x0</used_space>
         <unused_space>0x40</unused_space>
         <attributes>RWIX</attributes>
         <usage_details>
         </usage_details>
      </memory_area>
      <memory_area display="yes" color="green">
         <name>MEMCFG</name>
         <page_id>0x1</page_id>
         <origin>0x5f400</origin>
         <length>0xc0</length>
         <used_space>0x0</used_space>
         <unused_space>0xc0</unused_space>
         <attributes>RWIX</attributes>
         <usage_details>
         </usage_details>
      </memory_area>
      <memory_area display="no" color="green">
         <name>ACCESSPROTECTION</name>
         <page_id>0x1</page_id>
         <origin>0x5f500</origin>
         <length>0x3e</length>
         <used_space>0x0</used_space>
         <unused_space>0x3e</unused_space>
         <attributes>RWIX</attributes>
         <usage_details>
         </usage_details>
      </memory_area>
      <memory_area display="no" color="green">
         <name>MEMORYERROR</name>
         <page_id>0x1</page_id>
         <origin>0x5f540</origin>
         <length>0x40</length>
         <used_space>0x0</used_space>
         <unused_space>0x40</unused_space>
         <attributes>RWIX</attributes>
         <usage_details>
         </usage_details>
      </memory_area>
      <memory_area display="no" color="green">
         <name>TESTERROR</name>
         <page_id>0x1</page_id>
         <origin>0x5f590</origin>
         <length>0x10</length>
         <used_space>0x0</used_space>
         <unused_space>0x10</unused_space>
         <attributes>RWIX</attributes>
         <usage_details>
         </usage_details>
      </memory_area>
      <memory_area display="yes" color="green">
         <name>FLASH0CTRL</name>
         <page_id>0x1</page_id>
         <origin>0x5f800</origin>
         <length>0x182</length>
         <used_space>0x0</used_space>
         <unused_space>0x182</unused_space>
         <attributes>RWIX</attributes>
         <usage_details>
         </usage_details>
      </memory_area>
      <memory_area display="no" color="green">
         <name>FLASH0ECC</name>
         <page_id>0x1</page_id>
         <origin>0x5fb00</origin>
         <length>0x28</length>
         <used_space>0x0</used_space>
         <unused_space>0x28</unused_space>
         <attributes>RWIX</attributes>
         <usage_details>
         </usage_details>
      </memory_area>
      <memory_area display="no" color="green">
         <name>UID</name>
         <page_id>0x1</page_id>
         <origin>0x71140</origin>
         <length>0x10</length>
         <used_space>0x0</used_space>
         <unused_space>0x10</unused_space>
         <attributes>RWIX</attributes>
         <usage_details>
         </usage_details>
      </memory_area>
      <memory_area display="no" color="green">
         <name>DCSMZ1OTP</name>
         <page_id>0x1</page_id>
         <origin>0x78000</origin>
         <length>0x20</length>
         <used_space>0x0</used_space>
         <unused_space>0x20</unused_space>
         <attributes>RWIX</attributes>
         <usage_details>
         </usage_details>
      </memory_area>
      <memory_area display="no" color="green">
         <name>DCSMZ2OTP</name>
         <page_id>0x1</page_id>
         <origin>0x78200</origin>
         <length>0x20</length>
         <used_space>0x0</used_space>
         <unused_space>0x20</unused_space>
         <attributes>RWIX</attributes>
         <usage_details>
         </usage_details>
      </memory_area>
   </placement_map>
   <cptbl_list>
      <cptbl>
         <name>__TI_cinit_table</name>
         <cprec>
            <name>.data</name>
            <load_address>0x12c</load_address>
            <load_size>0x20</load_size>
            <run_address>0x8280</run_address>
            <run_size>0xe0</run_size>
            <compression>lzss</compression>
         </cprec>
      </cptbl>
   </cptbl_list>
   <handler_table>
      <handler_table_name>__TI_handler_table</handler_table_name>
      <handler>
         <index>0x0</index>
         <name>__TI_decompress_lzss</name>
      </handler>
      <handler>
         <index>0x1</index>
         <name>__TI_decompress_none</name>
      </handler>
   </handler_table>
   <symbol_table>
      <symbol id="sm-1">
         <name>__TI_CINIT_Base</name>
         <value>0x150</value>
      </symbol>
      <symbol id="sm-2">
         <name>__TI_CINIT_Limit</name>
         <value>0x154</value>
      </symbol>
      <symbol id="sm-3">
         <name>__TI_CINIT_Warm</name>
         <value>0x154</value>
      </symbol>
      <symbol id="sm-4">
         <name>__TI_Handler_Table_Base</name>
         <value>0x14c</value>
      </symbol>
      <symbol id="sm-5">
         <name>__TI_Handler_Table_Limit</name>
         <value>0x150</value>
      </symbol>
      <symbol id="sm-6">
         <name>__TI_STACK_SIZE</name>
         <value>0x200</value>
      </symbol>
      <symbol id="sm-7">
         <name>__TI_STACK_END</name>
         <value>0x600</value>
      </symbol>
      <symbol id="sm-8">
         <name>__TI_pprof_out_hndl</name>
         <value>0xffffffff</value>
      </symbol>
      <symbol id="sm-9">
         <name>__TI_prof_data_start</name>
         <value>0xffffffff</value>
      </symbol>
      <symbol id="sm-a">
         <name>__TI_prof_data_size</name>
         <value>0xffffffff</value>
      </symbol>
      <symbol id="sm-22a">
         <name>PinMux_init</name>
         <value>0x8a48</value>
         <object_component_ref idref="oc-1df"/>
      </symbol>
      <symbol id="sm-22b">
         <name>Board_init</name>
         <value>0x96b7</value>
         <object_component_ref idref="oc-150"/>
      </symbol>
      <symbol id="sm-22c">
         <name>GPIO_init</name>
         <value>0x9771</value>
         <object_component_ref idref="oc-1f7"/>
      </symbol>
      <symbol id="sm-22d">
         <name>SYSCTL_init</name>
         <value>0x89bb</value>
         <object_component_ref idref="oc-1e5"/>
      </symbol>
      <symbol id="sm-22e">
         <name>SYNC_init</name>
         <value>0x9720</value>
         <object_component_ref idref="oc-1eb"/>
      </symbol>
      <symbol id="sm-22f">
         <name>gpio28_init</name>
         <value>0x9579</value>
         <object_component_ref idref="oc-355"/>
      </symbol>
      <symbol id="sm-230">
         <name>EPWM_init</name>
         <value>0x8360</value>
         <object_component_ref idref="oc-1f1"/>
      </symbol>
      <symbol id="sm-296">
         <name>Device_initGPIO</name>
         <value>0x96a7</value>
         <object_component_ref idref="oc-144"/>
      </symbol>
      <symbol id="sm-297">
         <name>Device_init</name>
         <value>0x8c10</value>
         <object_component_ref idref="oc-13e"/>
      </symbol>
      <symbol id="sm-298">
         <name>__error__</name>
         <value>0x9761</value>
         <object_component_ref idref="oc-1b1"/>
      </symbol>
      <symbol id="sm-2d4">
         <name>pi2_css</name>
         <value>0x828a</value>
         <object_component_ref idref="oc-429"/>
      </symbol>
      <symbol id="sm-2d5">
         <name>CONTROLLER_init</name>
         <value>0x972a</value>
         <object_component_ref idref="oc-1ff"/>
      </symbol>
      <symbol id="sm-2d6">
         <name>pi3_css</name>
         <value>0x8294</value>
         <object_component_ref idref="oc-429"/>
      </symbol>
      <symbol id="sm-2d7">
         <name>C2000Ware_libraries_init</name>
         <value>0x9768</value>
         <object_component_ref idref="oc-156"/>
      </symbol>
      <symbol id="sm-2d8">
         <name>FFR_init</name>
         <value>0x827f</value>
         <object_component_ref idref="oc-205"/>
      </symbol>
      <symbol id="sm-2d9">
         <name>pi4_css</name>
         <value>0x829e</value>
         <object_component_ref idref="oc-429"/>
      </symbol>
      <symbol id="sm-2da">
         <name>pi1_sps</name>
         <value>0x82a8</value>
         <object_component_ref idref="oc-429"/>
      </symbol>
      <symbol id="sm-2db">
         <name>pi2_sps</name>
         <value>0x82b4</value>
         <object_component_ref idref="oc-429"/>
      </symbol>
      <symbol id="sm-2dc">
         <name>pi1_init</name>
         <value>0x8f4d</value>
         <object_component_ref idref="oc-35f"/>
      </symbol>
      <symbol id="sm-2dd">
         <name>pi3_init</name>
         <value>0x8fa7</value>
         <object_component_ref idref="oc-36b"/>
      </symbol>
      <symbol id="sm-2de">
         <name>pi2_init</name>
         <value>0x8f7a</value>
         <object_component_ref idref="oc-365"/>
      </symbol>
      <symbol id="sm-2df">
         <name>pi4_init</name>
         <value>0x8fd4</value>
         <object_component_ref idref="oc-371"/>
      </symbol>
      <symbol id="sm-2e0">
         <name>pi3_sps</name>
         <value>0x82c0</value>
         <object_component_ref idref="oc-429"/>
      </symbol>
      <symbol id="sm-2e1">
         <name>pi4_sps</name>
         <value>0x82cc</value>
         <object_component_ref idref="oc-429"/>
      </symbol>
      <symbol id="sm-2e2">
         <name>pi4</name>
         <value>0x8340</value>
         <object_component_ref idref="oc-429"/>
      </symbol>
      <symbol id="sm-2e3">
         <name>pi3</name>
         <value>0x8316</value>
         <object_component_ref idref="oc-429"/>
      </symbol>
      <symbol id="sm-2e4">
         <name>pi2</name>
         <value>0x8300</value>
         <object_component_ref idref="oc-429"/>
      </symbol>
      <symbol id="sm-2e5">
         <name>pi1</name>
         <value>0x82d8</value>
         <object_component_ref idref="oc-429"/>
      </symbol>
      <symbol id="sm-2e6">
         <name>pi1_css</name>
         <value>0x8280</value>
         <object_component_ref idref="oc-429"/>
      </symbol>
      <symbol id="sm-2f5">
         <name>code_start</name>
         <value>0x0</value>
         <object_component_ref idref="oc-6c"/>
      </symbol>
      <symbol id="sm-323">
         <name>EPwm2Regs</name>
         <value>0x4100</value>
         <object_component_ref idref="oc-210"/>
      </symbol>
      <symbol id="sm-324">
         <name>EPwm3Regs</name>
         <value>0x4200</value>
         <object_component_ref idref="oc-213"/>
      </symbol>
      <symbol id="sm-325">
         <name>EPwm4Regs</name>
         <value>0x4300</value>
         <object_component_ref idref="oc-216"/>
      </symbol>
      <symbol id="sm-326">
         <name>CpuSysRegs</name>
         <value>0x5d300</value>
         <object_component_ref idref="oc-16f"/>
      </symbol>
      <symbol id="sm-327">
         <name>EPwm1Regs</name>
         <value>0x4000</value>
         <object_component_ref idref="oc-20d"/>
      </symbol>
      <symbol id="sm-34d">
         <name>main</name>
         <value>0x91f9</value>
         <object_component_ref idref="oc-116"/>
      </symbol>
      <symbol id="sm-395">
         <name>GPIO_setQualificationMode</name>
         <value>0x8eb7</value>
         <object_component_ref idref="oc-26d"/>
      </symbol>
      <symbol id="sm-396">
         <name>GPIO_setPadConfig</name>
         <value>0x8c64</value>
         <object_component_ref idref="oc-267"/>
      </symbol>
      <symbol id="sm-397">
         <name>GPIO_setAnalogMode</name>
         <value>0x890f</value>
         <object_component_ref idref="oc-1c9"/>
      </symbol>
      <symbol id="sm-398">
         <name>GPIO_setDirectionMode</name>
         <value>0x8eee</value>
         <object_component_ref idref="oc-422"/>
      </symbol>
      <symbol id="sm-399">
         <name>GPIO_setPinConfig</name>
         <value>0x8248</value>
         <object_component_ref idref="oc-261"/>
      </symbol>
      <symbol id="sm-3d3">
         <name>Interrupt_defaultHandler</name>
         <value>0x94d0</value>
         <object_component_ref idref="oc-71"/>
      </symbol>
      <symbol id="sm-3d4">
         <name>Interrupt_initModule</name>
         <value>0x8e06</value>
         <object_component_ref idref="oc-14a"/>
      </symbol>
      <symbol id="sm-3d5">
         <name>Interrupt_nmiHandler</name>
         <value>0x9716</value>
         <object_component_ref idref="oc-83"/>
      </symbol>
      <symbol id="sm-3d6">
         <name>Interrupt_initVectorTable</name>
         <value>0x92d1</value>
         <object_component_ref idref="oc-77"/>
      </symbol>
      <symbol id="sm-3d7">
         <name>Interrupt_illegalOperationHandler</name>
         <value>0x970c</value>
         <object_component_ref idref="oc-7d"/>
      </symbol>
      <symbol id="sm-4f0">
         <name>SysCtl_isPLLValid</name>
         <value>0x8825</value>
         <object_component_ref idref="oc-243"/>
      </symbol>
      <symbol id="sm-4f1">
         <name>SysCtl_delay</name>
         <value>0x128</value>
         <object_component_ref idref="oc-168"/>
      </symbol>
      <symbol id="sm-4f2">
         <name>SysCtl_selectXTALSingleEnded</name>
         <value>0x9149</value>
         <object_component_ref idref="oc-390"/>
      </symbol>
      <symbol id="sm-4f3">
         <name>SysCtl_selectXTAL</name>
         <value>0x8cfd</value>
         <object_component_ref idref="oc-38a"/>
      </symbol>
      <symbol id="sm-4f4">
         <name>SysCtl_selectOscSource</name>
         <value>0x8cb6</value>
         <object_component_ref idref="oc-237"/>
      </symbol>
      <symbol id="sm-4f5">
         <name>SysCtl_getLowSpeedClock</name>
         <value>0x93b2</value>
         <object_component_ref idref="oc-1b7"/>
      </symbol>
      <symbol id="sm-4f6">
         <name>SysCtl_setClock</name>
         <value>0x8702</value>
         <object_component_ref idref="oc-192"/>
      </symbol>
      <symbol id="sm-4f7">
         <name>SysCtl_getClock</name>
         <value>0x8bab</value>
         <object_component_ref idref="oc-1aa"/>
      </symbol>
      <symbol id="sm-4f8">
         <name>SysCtl_configureType</name>
         <value>0x9361</value>
         <object_component_ref idref="oc-27a"/>
      </symbol>
      <symbol id="sm-500">
         <name>__c28xabi_divf</name>
         <value>0x93fe</value>
         <object_component_ref idref="oc-398"/>
      </symbol>
      <symbol id="sm-50a">
         <name>_c_int00</name>
         <value>0x948d</value>
         <object_component_ref idref="oc-bc"/>
      </symbol>
      <symbol id="sm-50b">
         <name>__stack</name>
         <value>0x400</value>
         <object_component_ref idref="oc-89"/>
      </symbol>
      <symbol id="sm-519">
         <name>_system_pre_init</name>
         <value>0x9774</value>
         <object_component_ref idref="oc-cd"/>
      </symbol>
      <symbol id="sm-528">
         <name>__TI_auto_init_nobinit_nopinit</name>
         <value>0x9058</value>
         <object_component_ref idref="oc-e6"/>
      </symbol>
      <symbol id="sm-536">
         <name>__TI_decompress_none</name>
         <value>0x973c</value>
         <object_component_ref idref="oc-65"/>
      </symbol>
      <symbol id="sm-54a">
         <name>__TI_decompress_lzss</name>
         <value>0x8f1f</value>
         <object_component_ref idref="oc-5f"/>
      </symbol>
      <symbol id="sm-560">
         <name>C$$EXIT</name>
         <value>0x9083</value>
         <object_component_ref idref="oc-da"/>
      </symbol>
      <symbol id="sm-561">
         <name>abort</name>
         <value>0x9083</value>
         <object_component_ref idref="oc-da"/>
      </symbol>
      <symbol id="sm-562">
         <name>exit</name>
         <value>0x9085</value>
         <object_component_ref idref="oc-da"/>
      </symbol>
      <symbol id="sm-563">
         <name>__TI_dtors_ptr</name>
         <value>0x835a</value>
         <object_component_ref idref="oc-11e"/>
      </symbol>
      <symbol id="sm-564">
         <name>__TI_cleanup_ptr</name>
         <value>0x8358</value>
         <object_component_ref idref="oc-11e"/>
      </symbol>
      <symbol id="sm-565">
         <name>__TI_enable_exit_profile_output</name>
         <value>0x8356</value>
         <object_component_ref idref="oc-11e"/>
      </symbol>
      <symbol id="sm-57c">
         <name>_nop</name>
         <value>0x973b</value>
         <object_component_ref idref="oc-179"/>
      </symbol>
      <symbol id="sm-57d">
         <name>_lock</name>
         <value>0x835c</value>
         <object_component_ref idref="oc-121"/>
      </symbol>
      <symbol id="sm-57e">
         <name>_unlock</name>
         <value>0x835e</value>
         <object_component_ref idref="oc-222"/>
      </symbol>
      <symbol id="sm-57f">
         <name>_register_lock</name>
         <value>0x9737</value>
         <object_component_ref idref="oc-179"/>
      </symbol>
      <symbol id="sm-580">
         <name>_register_unlock</name>
         <value>0x9733</value>
         <object_component_ref idref="oc-179"/>
      </symbol>
      <symbol id="sm-58f">
         <name>_args_main</name>
         <value>0x96ea</value>
         <object_component_ref idref="oc-d4"/>
      </symbol>
      <symbol id="sm-5a3">
         <name>memcpy</name>
         <value>0x930c</value>
         <object_component_ref idref="oc-8c"/>
      </symbol>
      <symbol id="sm-5b0">
         <name>_system_post_cinit</name>
         <value>0x9776</value>
         <object_component_ref idref="oc-129"/>
      </symbol>
      <symbol id="sm-5b2">
         <name>__c_args__</name>
         <value>0x0</value>
      </symbol>
   </symbol_table>
   <title>Link successful</title>
</link_info>
