******************************************************************************
             TMS320C2000 Linker PC v22.6.2                     
******************************************************************************
>> Linked Fri Aug 22 09:37:52 2025

OUTPUT FILE NAME:   <InterleavedPSU_EvalBoard_F2800155.out>
ENTRY POINT SYMBOL: "code_start"  address: 00000000


MEMORY CONFIGURATION

         name            origin    length      used     unused   attr    fill
----------------------  --------  ---------  --------  --------  ----  --------
PAGE 0:
  BEGIN                 00000000   00000002  00000002  00000000  RWIX
  BOOT_RSVD             00000002   00000126  00000000  00000126  RWIX
  RAMM0                 00000128   000002d8  0000002c  000002ac  RWIX
  RAMM1                 00000400   000003f8  00000200  000001f8  RWIX
  RAMLS0                00008000   00002000  00001777  00000889  RWIX
  RAMLS1                0000a000   00001ff8  00000000  00001ff8  RWIX
  FLASH_BANK0_SEC_0_7   00080002   00001ffe  00000000  00001ffe  RWIX
  FLASH_BANK0_SEC_8_15  00082000   00002000  00000000  00002000  RWIX
  FLASH_BANK0_SEC_16_23 00084000   00002000  00000000  00002000  RWIX
  FLASH_BANK0_SEC_24_31 00086000   00002000  00000000  00002000  RWIX
  FLASH_BANK0_SEC_32_39 00088000   00002000  00000000  00002000  RWIX
  FLASH_BANK0_SEC_40_47 0008a000   00002000  00000000  00002000  RWIX
  FLASH_BANK0_SEC_48_55 0008c000   00002000  00000000  00002000  RWIX
  FLASH_BANK0_SEC_56_63 0008e000   00002000  00000000  00002000  RWIX
  FLASH_BANK0_SEC_64_71 00090000   00002000  00000000  00002000  RWIX
  FLASH_BANK0_SEC_72_79 00092000   00002000  00000000  00002000  RWIX
  FLASH_BANK0_SEC_80_87 00094000   00002000  00000000  00002000  RWIX
  FLASH_BANK0_SEC_88_95 00096000   00002000  00000000  00002000  RWIX
  FLASH_BANK0_SEC_96_10 00098000   00002000  00000000  00002000  RWIX
  FLASH_BANK0_SEC_104_1 0009a000   00002000  00000000  00002000  RWIX
  FLASH_BANK0_SEC_112_1 0009c000   00002000  00000000  00002000  RWIX
  FLASH_BANK0_SEC_120_1 0009e000   00001ff0  00000000  00001ff0  RWIX
  RESET                 003fffc0   00000002  00000000  00000002  RWIX

PAGE 1:
  ADCARESULT            00000b00   00000018  00000000  00000018  RWIX
  ADCCRESULT            00000b40   00000018  00000000  00000018  RWIX
  CPUTIMER0             00000c00   00000008  00000000  00000008  RWIX
  CPUTIMER1             00000c08   00000008  00000000  00000008  RWIX
  CPUTIMER2             00000c10   00000008  00000000  00000008  RWIX
  PIECTRL               00000ce0   0000001a  00000000  0000001a  RWIX
  PIEVECTTABLE          00000d00   00000200  00000000  00000200  RWIX
  EPWM1                 00004000   00000100  00000100  00000000  RWIX
  EPWM2                 00004100   00000100  00000100  00000000  RWIX
  EPWM3                 00004200   00000100  00000100  00000000  RWIX
  EPWM4                 00004300   00000100  00000100  00000000  RWIX
  EPWM5                 00004400   00000100  00000000  00000100  RWIX
  EPWM6                 00004500   00000100  00000000  00000100  RWIX
  EPWM7                 00004600   00000100  00000000  00000100  RWIX
  EQEP1                 00005100   00000040  00000000  00000040  RWIX
  EQEP2                 00005140   00000040  00000000  00000040  RWIX
  ECAP1                 00005200   00000020  00000000  00000020  RWIX
  ECAP2                 00005240   00000020  00000000  00000020  RWIX
  ECAP3                 00005280   00000020  00000000  00000020  RWIX
  CMPSS1                00005500   00000040  00000000  00000040  RWIX
  CMPSSLITE2            00005540   00000040  00000000  00000040  RWIX
  CMPSSLITE3            00005580   00000040  00000000  00000040  RWIX
  CMPSSLITE4            000055c0   00000040  00000000  00000040  RWIX
  SPIA                  00006100   00000010  00000000  00000010  RWIX
  PMBUSA                00006400   00000020  00000000  00000020  RWIX
  LINA                  00006a00   000000ec  00000000  000000ec  RWIX
  WD                    00007000   0000002c  00000000  0000002c  RWIX
  NMIINTRUPT            00007060   00000010  00000000  00000010  RWIX
  XINT                  00007070   0000000c  00000000  0000000c  RWIX
  SCIA                  00007200   00000010  00000000  00000010  RWIX
  SCIB                  00007210   00000010  00000000  00000010  RWIX
  SCIC                  00007220   00000010  00000000  00000010  RWIX
  I2CA                  00007300   00000022  00000000  00000022  RWIX
  I2CB                  00007340   00000022  00000000  00000022  RWIX
  ADCA                  00007400   00000080  00000000  00000080  RWIX
  ADCC                  00007500   00000080  00000000  00000080  RWIX
  INPUTXBAR             00007900   00000020  00000000  00000020  RWIX
  XBAR                  00007920   00000020  00000000  00000020  RWIX
  SYNCSOC               00007940   00000006  00000000  00000006  RWIX
  EPWMXBAR              00007a00   00000040  00000000  00000040  RWIX
  OUTPUTXBAR            00007a80   00000040  00000000  00000040  RWIX
  GPIOCTRL              00007c00   00000200  00000000  00000200  RWIX
  GPIODATA              00007f00   00000040  00000000  00000040  RWIX
  GPIODATAREAD          00007f80   00000010  00000000  00000010  RWIX
  CANA                  00048000   00000200  00000000  00000200  RWIX
  LCMCPU1               0004c000   00000180  00000000  00000180  RWIX
  MCANASS               0005c400   0000002c  00000000  0000002c  RWIX
  MCANA                 0005c600   00000100  00000000  00000100  RWIX
  MCANAERROR            0005c800   00000210  00000000  00000210  RWIX
  DEVCFG                0005d000   000001ac  00000000  000001ac  RWIX
  CLKCFG                0005d200   00000100  00000000  00000100  RWIX
  CPUSYS                0005d300   00000100  000000b0  00000050  RWIX
  SYSSTATUS             0005d400   00000040  00000000  00000040  RWIX
  ANALOGSUBSYS          0005d700   0000012a  00000000  0000012a  RWIX
  DCC0                  0005e700   00000038  00000000  00000038  RWIX
  EPG1                  0005ec00   00000050  00000000  00000050  RWIX
  EPG1MUX               0005ecd0   00000010  00000000  00000010  RWIX
  DCSMZ1                0005f000   0000003e  00000000  0000003e  RWIX
  DCSMZ2                0005f080   0000003e  00000000  0000003e  RWIX
  DCSMCOMMON            0005f0c0   00000040  00000000  00000040  RWIX
  MEMCFG                0005f400   000000c0  00000000  000000c0  RWIX
  ACCESSPROTECTION      0005f500   0000003e  00000000  0000003e  RWIX
  MEMORYERROR           0005f540   00000040  00000000  00000040  RWIX
  TESTERROR             0005f590   00000010  00000000  00000010  RWIX
  FLASH0CTRL            0005f800   00000182  00000000  00000182  RWIX
  FLASH0ECC             0005fb00   00000028  00000000  00000028  RWIX
  UID                   00071140   00000010  00000000  00000010  RWIX
  DCSMZ1OTP             00078000   00000020  00000000  00000020  RWIX
  DCSMZ2OTP             00078200   00000020  00000000  00000020  RWIX


SECTION ALLOCATION MAP

 output                                  attributes/
section   page    origin      length       input sections
--------  ----  ----------  ----------   ----------------
codestart 
*          0    00000000    00000002     
                  00000000    00000002     f280015x_codestartbranch.obj (codestart)

.TI.ramfunc 
*          0    00000128    00000004     
                  00000128    00000004     driverlib.lib : sysctl.obj (.TI.ramfunc)

.cinit     0    0000012c    00000028     
                  0000012c    00000020     (.cinit..data.load) [load image, compression = lzss]
                  0000014c    00000004     (__TI_handler_table)
                  00000150    00000004     (__TI_cinit_table)

.reset     0    003fffc0    00000000     DSECT

.stack     0    00000400    00000200     UNINITIALIZED
                  00000400    00000200     --HOLE--

.init_array 
*          0    00000128    00000000     UNINITIALIZED

.const     0    00008000    00000248     
                  00008000    000000c1     board.obj (.const:.string)
                  000080c1    00000001     --HOLE-- [fill = 0]
                  000080c2    0000009b     driverlib.lib : gpio.obj (.const:.string)
                  0000815d    00000001     --HOLE-- [fill = 0]
                  0000815e    0000009b                   : sysctl.obj (.const:.string)
                  000081f9    00000001     --HOLE-- [fill = 0]
                  000081fa    0000004e     device.obj (.const:.string)

.data      0    00008280    000000e0     UNINITIALIZED
                  00008280    000000d6     c2000ware_libraries.obj (.data)
                  00008356    00000006     rts2800_fpu32_eabi.lib : exit.c.obj (.data)
                  0000835c    00000002                            : _lock.c.obj (.data:_lock)
                  0000835e    00000002                            : _lock.c.obj (.data:_unlock)

CpuSysRegsFile 
*          1    0005d300    000000b0     UNINITIALIZED
                  0005d300    000000b0     f280015x_globalvariabledefs.obj (CpuSysRegsFile)

EPwm1RegsFile 
*          1    00004000    00000100     UNINITIALIZED
                  00004000    00000100     f280015x_globalvariabledefs.obj (EPwm1RegsFile)

EPwm2RegsFile 
*          1    00004100    00000100     UNINITIALIZED
                  00004100    00000100     f280015x_globalvariabledefs.obj (EPwm2RegsFile)

EPwm3RegsFile 
*          1    00004200    00000100     UNINITIALIZED
                  00004200    00000100     f280015x_globalvariabledefs.obj (EPwm3RegsFile)

EPwm4RegsFile 
*          1    00004300    00000100     UNINITIALIZED
                  00004300    00000100     f280015x_globalvariabledefs.obj (EPwm4RegsFile)

.text.1    0    00008248    00000038     
                  00008248    00000037     driverlib.lib : gpio.obj (.text:GPIO_setPinConfig)
                  0000827f    00000001     c2000ware_libraries.obj (.text:FFR_init)

.text.2    0    00008360    00001417     
                  00008360    000003a2     board.obj (.text:EPWM_init)
                  00008702    00000123     driverlib.lib : sysctl.obj (.text:SysCtl_setClock)
                  00008825    000000ea                   : sysctl.obj (.text:SysCtl_isPLLValid)
                  0000890f    000000ac                   : gpio.obj (.text:GPIO_setAnalogMode)
                  000089bb    0000008d     board.obj (.text:SYSCTL_init)
                  00008a48    0000007b     board.obj (.text:PinMux_init)
                  00008ac3    00000075     board.obj (.text:EPWM_setADCTriggerSource)
                  00008b38    00000073     driverlib.lib : sysctl.obj (.text:DCC_setCounterSeeds)
                  00008bab    00000065                   : sysctl.obj (.text:SysCtl_getClock)
                  00008c10    00000054     device.obj (.text:Device_init)
                  00008c64    00000052     driverlib.lib : gpio.obj (.text:GPIO_setPadConfig)
                  00008cb6    00000047                   : sysctl.obj (.text:SysCtl_selectOscSource)
                  00008cfd    00000046                   : sysctl.obj (.text:SysCtl_selectXTAL)
                  00008d43    00000045                   : sysctl.obj (.text:SysCtl_pollX1Counter)
                  00008d88    00000040     board.obj (.text:EPWM_setActionQualifierAction)
                  00008dc8    0000003e     board.obj (.text:EPWM_setCounterCompareShadowLoadMode)
                  00008e06    0000003d     driverlib.lib : interrupt.obj (.text:Interrupt_initModule)
                  00008e43    0000003a     board.obj (.text:EPWM_setADCTriggerEventPrescale)
                  00008e7d    0000003a     board.obj (.text:EPWM_setActionQualifierShadowLoadMode)
                  00008eb7    00000037     driverlib.lib : gpio.obj (.text:GPIO_setQualificationMode)
                  00008eee    00000031                   : gpio.obj (.text:GPIO_setDirectionMode)
                  00008f1f    0000002e     rts2800_fpu32_eabi.lib : copy_decompress_lzss.c.obj (.text:decompress:lzss)
                  00008f4d    0000002d     c2000ware_libraries.obj (.text:pi1_init)
                  00008f7a    0000002d     c2000ware_libraries.obj (.text:pi2_init)
                  00008fa7    0000002d     c2000ware_libraries.obj (.text:pi3_init)
                  00008fd4    0000002d     c2000ware_libraries.obj (.text:pi4_init)
                  00009001    0000002c     board.obj (.text:EPWM_setActionQualifierSWAction)
                  0000902d    0000002b     main.obj (.text:TZ_Init_AllPWM_ForceLow)
                  00009058    0000002b     rts2800_fpu32_eabi.lib : autoinit.c.obj (.text:__TI_auto_init_nobinit_nopinit)
                  00009083    00000029                            : exit.c.obj (.text)
                  000090ac    00000028     board.obj (.text:EPWM_setGlobalLoadEventPrescale)
                  000090d4    00000027     device.obj (.text:CAN_selectClockSource)
                  000090fb    00000027     board.obj (.text:EPWM_isBaseValid)
                  00009122    00000027     board.obj (.text:GPIO_writePin)
                  00009149    00000025     driverlib.lib : sysctl.obj (.text:SysCtl_selectXTALSingleEnded)
                  0000916e    00000024                   : sysctl.obj (.text:DCC_enableSingleShotMode)
                  00009192    00000024     board.obj (.text:EPWM_setupEPWMLinks)
                  000091b6    00000022     board.obj (.text:EPWM_setCounterCompareValue)
                  000091d8    00000021     board.obj (.text:EPWM_enableGlobalLoadRegisters)
                  000091f9    00000021     main.obj (.text:main)
                  0000921a    0000001f     board.obj (.text:EPWM_setFallingEdgeDelayCountShadowLoadMode)
                  00009239    0000001f     board.obj (.text:EPWM_setGlobalLoadTrigger)
                  00009258    0000001f     board.obj (.text:EPWM_setRisingEdgeDelayCountShadowLoadMode)
                  00009277    0000001e     driverlib.lib : sysctl.obj (.text:DCC_setCounter0ClkSource)
                  00009295    0000001e                   : sysctl.obj (.text:DCC_setCounter1ClkSource)
                  000092b3    0000001e     board.obj (.text:EPWM_setPhaseShift)
                  000092d1    0000001e     driverlib.lib : interrupt.obj (.text:Interrupt_initVectorTable)
                  000092ef    0000001d     board.obj (.text:EPWM_enableSyncOutPulseSource)
                  0000930c    0000001d     rts2800_fpu32_eabi.lib : memcpy.c.obj (.text)
                  00009329    0000001c     board.obj (.text:EPWM_enableADCTrigger)
                  00009345    0000001c     board.obj (.text:EPWM_setClockPrescaler)
                  00009361    0000001c     driverlib.lib : sysctl.obj (.text:SysCtl_configureType)
                  0000937d    0000001b     board.obj (.text:SysCtl_setStandbyQualificationPeriod)
                  00009398    0000001a     board.obj (.text:EPWM_disableActionQualifierShadowLoadMode)
                  000093b2    0000001a     driverlib.lib : sysctl.obj (.text:SysCtl_getLowSpeedClock)
                  000093cc    00000019     board.obj (.text:EPWM_setCountModeAfterSync)
                  000093e5    00000019     driverlib.lib : sysctl.obj (.text:SysCtl_setPLLSysClk)
                  000093fe    00000019     rts2800_fpu32_fast_supplement_eabi.lib : div_f32.obj (.text)
                  00009417    00000018     board.obj (.text:EPWM_disableFallingEdgeDelayCountShadowLoadMode)
                  0000942f    00000018     board.obj (.text:EPWM_disableRisingEdgeDelayCountShadowLoadMode)
                  00009447    00000018     board.obj (.text:SysCtl_disablePeripheral)
                  0000945f    00000017     board.obj (.text:SysCtl_enablePeripheral)
                  00009476    00000017     driverlib.lib : sysctl.obj (.text:SysCtl_enablePeripheral)
                  0000948d    00000017     rts2800_fpu32_eabi.lib : boot28.asm.obj (.text)
                  000094a4    00000016     driverlib.lib : sysctl.obj (.text:DCC_disableDoneSignal)
                  000094ba    00000016     board.obj (.text:EPWM_setSyncInPulseSource)
                  000094d0    00000016     driverlib.lib : interrupt.obj (.text:Interrupt_defaultHandler)
                  000094e6    00000015                   : sysctl.obj (.text:DCC_clearDoneFlag)
                  000094fb    00000015                   : sysctl.obj (.text:DCC_clearErrorFlag)
                  00009510    00000015                   : sysctl.obj (.text:DCC_disableErrorSignal)
                  00009525    00000015     board.obj (.text:EPWM_enableGlobalLoad)
                  0000953a    00000015     board.obj (.text:EPWM_enableGlobalLoadOneShotMode)
                  0000954f    00000015     board.obj (.text:EPWM_setGlobalLoadOneShotLatch)
                  00009564    00000015     device.obj (.text:GPIO_unlockPortConfig)
                  00009579    00000015     board.obj (.text:gpio28_init)
                  0000958e    00000014     driverlib.lib : sysctl.obj (.text:DCC_disableModule)
                  000095a2    00000014                   : sysctl.obj (.text:DCC_enableModule)
                  000095b6    00000014     board.obj (.text:EPWM_setTimeBaseCounterMode)
                  000095ca    00000014     board.obj (.text:EPWM_setTimeBasePeriod)
                  000095de    00000014     board.obj (.text:GPIO_isPinValid)
                  000095f2    00000014     driverlib.lib : gpio.obj (.text:GPIO_isPinValid)
                  00009606    00000014     board.obj (.text:SysCtl_selectErrPinPolarity)
                  0000961a    00000013     main.obj (.text:TZ_ClearAll_OneShot)
                  0000962d    00000013     main.obj (.text:TZ_TripAll_OneShot)
                  00009640    00000012     board.obj (.text:EPWM_setTimeBaseCounter)
                  00009652    00000012     device.obj (.text:SysCtl_setMCANClk)
                  00009664    00000012     board.obj (.text:SysCtl_setSyncOutputConfig)
                  00009676    00000011     board.obj (.text:EPWM_enablePhaseShiftLoad)
                  00009687    00000010     device.obj (.text:CAN_isBaseValid)
                  00009697    00000010     driverlib.lib : sysctl.obj (.text:DCC_isBaseValid)
                  000096a7    00000010     device.obj (.text:Device_initGPIO)
                  000096b7    0000000d     board.obj (.text:Board_init)
                  000096c4    0000000d     driverlib.lib : interrupt.obj (.text:Interrupt_disableGlobal)
                  000096d1    0000000d     device.obj (.text:SysCtl_setLowSpeedClock)
                  000096de    0000000c     board.obj (.text:SysCtl_enableExtADCSOCSource)
                  000096ea    0000000c     rts2800_fpu32_eabi.lib : args_main.c.obj (.text)
                  000096f6    0000000b     device.obj (.text:SysCtl_disableWatchdog)
                  00009701    0000000b     driverlib.lib : sysctl.obj (.text:SysCtl_isMCDClockFailureDetected)
                  0000970c    0000000a                   : interrupt.obj (.text:Interrupt_illegalOperationHandler)
                  00009716    0000000a                   : interrupt.obj (.text:Interrupt_nmiHandler)
                  00009720    0000000a     board.obj (.text:SYNC_init)
                  0000972a    00000009     c2000ware_libraries.obj (.text:CONTROLLER_init)
                  00009733    00000009     rts2800_fpu32_eabi.lib : _lock.c.obj (.text)
                  0000973c    00000008                            : copy_decompress_none.c.obj (.text:decompress:none)
                  00009744    00000008     f280015x_codestartbranch.obj (.text)
                  0000974c    00000007     device.obj (.text:ASysCtl_lockVREG)
                  00009753    00000007     board.obj (.text:SysCtl_disableMCD)
                  0000975a    00000007     driverlib.lib : sysctl.obj (.text:SysCtl_resetMCD)
                  00009761    00000007     device.obj (.text:__error__)
                  00009768    00000005     c2000ware_libraries.obj (.text:C2000Ware_libraries_init)
                  0000976d    00000004     device.obj (.text:SysCtl_deviceCal)
                  00009771    00000003     board.obj (.text:GPIO_init)
                  00009774    00000002     rts2800_fpu32_eabi.lib : pre_init.c.obj (.text)
                  00009776    00000001                            : startup.c.obj (.text)

MODULE SUMMARY

       Module                            code   ro data   rw data
       ------                            ----   -------   -------
    .\
       f280015x_globalvariabledefs.obj   0      0         1200   
       main.obj                          114    0         0      
       f280015x_codestartbranch.obj      10     0         0      
    +--+---------------------------------+------+---------+---------+
       Total:                            124    0         1200   
                                                                 
    .\syscfg\
       board.obj                         2483   193       0      
       c2000ware_libraries.obj           195    0         214    
       device.obj                        236    78        0      
    +--+---------------------------------+------+---------+---------+
       Total:                            2914   271       214    
                                                                 
    C:/ti/C2000Ware_6_00_00_00/driverlib/f280015x/driverlib/ccs/Debug/driverlib.lib
       sysctl.obj                        1349   155       0      
       gpio.obj                          433    155       0      
       interrupt.obj                     146    0         0      
    +--+---------------------------------+------+---------+---------+
       Total:                            1928   310       0      
                                                                 
    C:\ti\C2000Ware_6_00_00_00\libraries\math\FPUfastRTS\c28\lib\rts2800_fpu32_fast_supplement_eabi.lib
       div_f32.obj                       25     0         0      
    +--+---------------------------------+------+---------+---------+
       Total:                            25     0         0      
                                                                 
    C:\ti\ccs2011\ccs\tools\compiler\ti-cgt-c2000_22.6.2.LTS\lib\rts2800_fpu32_eabi.lib
       exit.c.obj                        41     0         6      
       copy_decompress_lzss.c.obj        46     0         0      
       autoinit.c.obj                    43     0         0      
       memcpy.c.obj                      29     0         0      
       boot28.asm.obj                    23     0         0      
       _lock.c.obj                       9      0         4      
       args_main.c.obj                   12     0         0      
       copy_decompress_none.c.obj        8      0         0      
       pre_init.c.obj                    2      0         0      
       startup.c.obj                     1      0         0      
    +--+---------------------------------+------+---------+---------+
       Total:                            214    0         10     
                                                                 
       Stack:                            0      0         512    
       Linker Generated:                 0      40        0      
    +--+---------------------------------+------+---------+---------+
       Grand Total:                      5205   621       1936   


LINKER GENERATED COPY TABLES

__TI_cinit_table @ 00000150 records: 1, size/record: 4, table size: 4
	.data: load addr=0000012c, load size=00000020 bytes, run addr=00008280, run size=000000e0 bytes, compression=lzss


LINKER GENERATED HANDLER TABLE

__TI_handler_table @ 0000014c records: 2, size/record: 2, table size: 4
	index: 0, handler: __TI_decompress_lzss
	index: 1, handler: __TI_decompress_none


GLOBAL DATA SYMBOLS: SORTED BY DATA PAGE

address     data page           name
--------    ----------------    ----
00000400      10 (00000400)     __stack

00004000     100 (00004000)     EPwm1Regs

00004100     104 (00004100)     EPwm2Regs

00004200     108 (00004200)     EPwm3Regs

00004300     10c (00004300)     EPwm4Regs

00008280     20a (00008280)     pi1_css
0000828a     20a (00008280)     pi2_css
00008294     20a (00008280)     pi3_css
0000829e     20a (00008280)     pi4_css
000082a8     20a (00008280)     pi1_sps
000082b4     20a (00008280)     pi2_sps

000082c0     20b (000082c0)     pi3_sps
000082cc     20b (000082c0)     pi4_sps
000082d8     20b (000082c0)     pi1

00008300     20c (00008300)     pi2
00008316     20c (00008300)     pi3

00008340     20d (00008340)     pi4
00008356     20d (00008340)     __TI_enable_exit_profile_output
00008358     20d (00008340)     __TI_cleanup_ptr
0000835a     20d (00008340)     __TI_dtors_ptr
0000835c     20d (00008340)     _lock
0000835e     20d (00008340)     _unlock

0005d300    174c (0005d300)     CpuSysRegs


GLOBAL SYMBOLS: SORTED ALPHABETICALLY BY Name 

page  address   name                             
----  -------   ----                             
0     000096b7  Board_init                       
0     00009083  C$$EXIT                          
0     00009768  C2000Ware_libraries_init         
0     0000972a  CONTROLLER_init                  
1     0005d300  CpuSysRegs                       
0     00008c10  Device_init                      
0     000096a7  Device_initGPIO                  
0     00008360  EPWM_init                        
1     00004000  EPwm1Regs                        
1     00004100  EPwm2Regs                        
1     00004200  EPwm3Regs                        
1     00004300  EPwm4Regs                        
0     0000827f  FFR_init                         
0     00009771  GPIO_init                        
0     0000890f  GPIO_setAnalogMode               
0     00008eee  GPIO_setDirectionMode            
0     00008c64  GPIO_setPadConfig                
0     00008248  GPIO_setPinConfig                
0     00008eb7  GPIO_setQualificationMode        
0     000094d0  Interrupt_defaultHandler         
0     0000970c  Interrupt_illegalOperationHandler
0     00008e06  Interrupt_initModule             
0     000092d1  Interrupt_initVectorTable        
0     00009716  Interrupt_nmiHandler             
0     00008a48  PinMux_init                      
0     00009720  SYNC_init                        
0     000089bb  SYSCTL_init                      
0     00009361  SysCtl_configureType             
0     00000128  SysCtl_delay                     
0     00008bab  SysCtl_getClock                  
0     000093b2  SysCtl_getLowSpeedClock          
0     00008825  SysCtl_isPLLValid                
0     00008cb6  SysCtl_selectOscSource           
0     00008cfd  SysCtl_selectXTAL                
0     00009149  SysCtl_selectXTALSingleEnded     
0     00008702  SysCtl_setClock                  
0     00000150  __TI_CINIT_Base                  
0     00000154  __TI_CINIT_Limit                 
0     00000154  __TI_CINIT_Warm                  
0     0000014c  __TI_Handler_Table_Base          
0     00000150  __TI_Handler_Table_Limit         
0     00000600  __TI_STACK_END                   
abs   00000200  __TI_STACK_SIZE                  
0     00009058  __TI_auto_init_nobinit_nopinit   
0     00008358  __TI_cleanup_ptr                 
0     00008f1f  __TI_decompress_lzss             
0     0000973c  __TI_decompress_none             
0     0000835a  __TI_dtors_ptr                   
0     00008356  __TI_enable_exit_profile_output  
abs   ffffffff  __TI_pprof_out_hndl              
abs   ffffffff  __TI_prof_data_size              
abs   ffffffff  __TI_prof_data_start             
0     000093fe  __c28xabi_divf                   
n/a   UNDEFED   __c_args__                       
0     00009761  __error__                        
0     00000400  __stack                          
0     000096ea  _args_main                       
0     0000948d  _c_int00                         
0     0000835c  _lock                            
0     0000973b  _nop                             
0     00009737  _register_lock                   
0     00009733  _register_unlock                 
0     00009776  _system_post_cinit               
0     00009774  _system_pre_init                 
0     0000835e  _unlock                          
0     00009083  abort                            
0     00000000  code_start                       
0     00009085  exit                             
0     00009579  gpio28_init                      
0     000091f9  main                             
0     0000930c  memcpy                           
0     000082d8  pi1                              
0     00008280  pi1_css                          
0     00008f4d  pi1_init                         
0     000082a8  pi1_sps                          
0     00008300  pi2                              
0     0000828a  pi2_css                          
0     00008f7a  pi2_init                         
0     000082b4  pi2_sps                          
0     00008316  pi3                              
0     00008294  pi3_css                          
0     00008fa7  pi3_init                         
0     000082c0  pi3_sps                          
0     00008340  pi4                              
0     0000829e  pi4_css                          
0     00008fd4  pi4_init                         
0     000082cc  pi4_sps                          


GLOBAL SYMBOLS: SORTED BY Symbol Address 

page  address   name                             
----  -------   ----                             
0     00000000  code_start                       
0     00000128  SysCtl_delay                     
0     0000014c  __TI_Handler_Table_Base          
0     00000150  __TI_CINIT_Base                  
0     00000150  __TI_Handler_Table_Limit         
0     00000154  __TI_CINIT_Limit                 
0     00000154  __TI_CINIT_Warm                  
0     00000400  __stack                          
0     00000600  __TI_STACK_END                   
0     00008248  GPIO_setPinConfig                
0     0000827f  FFR_init                         
0     00008280  pi1_css                          
0     0000828a  pi2_css                          
0     00008294  pi3_css                          
0     0000829e  pi4_css                          
0     000082a8  pi1_sps                          
0     000082b4  pi2_sps                          
0     000082c0  pi3_sps                          
0     000082cc  pi4_sps                          
0     000082d8  pi1                              
0     00008300  pi2                              
0     00008316  pi3                              
0     00008340  pi4                              
0     00008356  __TI_enable_exit_profile_output  
0     00008358  __TI_cleanup_ptr                 
0     0000835a  __TI_dtors_ptr                   
0     0000835c  _lock                            
0     0000835e  _unlock                          
0     00008360  EPWM_init                        
0     00008702  SysCtl_setClock                  
0     00008825  SysCtl_isPLLValid                
0     0000890f  GPIO_setAnalogMode               
0     000089bb  SYSCTL_init                      
0     00008a48  PinMux_init                      
0     00008bab  SysCtl_getClock                  
0     00008c10  Device_init                      
0     00008c64  GPIO_setPadConfig                
0     00008cb6  SysCtl_selectOscSource           
0     00008cfd  SysCtl_selectXTAL                
0     00008e06  Interrupt_initModule             
0     00008eb7  GPIO_setQualificationMode        
0     00008eee  GPIO_setDirectionMode            
0     00008f1f  __TI_decompress_lzss             
0     00008f4d  pi1_init                         
0     00008f7a  pi2_init                         
0     00008fa7  pi3_init                         
0     00008fd4  pi4_init                         
0     00009058  __TI_auto_init_nobinit_nopinit   
0     00009083  C$$EXIT                          
0     00009083  abort                            
0     00009085  exit                             
0     00009149  SysCtl_selectXTALSingleEnded     
0     000091f9  main                             
0     000092d1  Interrupt_initVectorTable        
0     0000930c  memcpy                           
0     00009361  SysCtl_configureType             
0     000093b2  SysCtl_getLowSpeedClock          
0     000093fe  __c28xabi_divf                   
0     0000948d  _c_int00                         
0     000094d0  Interrupt_defaultHandler         
0     00009579  gpio28_init                      
0     000096a7  Device_initGPIO                  
0     000096b7  Board_init                       
0     000096ea  _args_main                       
0     0000970c  Interrupt_illegalOperationHandler
0     00009716  Interrupt_nmiHandler             
0     00009720  SYNC_init                        
0     0000972a  CONTROLLER_init                  
0     00009733  _register_unlock                 
0     00009737  _register_lock                   
0     0000973b  _nop                             
0     0000973c  __TI_decompress_none             
0     00009761  __error__                        
0     00009768  C2000Ware_libraries_init         
0     00009771  GPIO_init                        
0     00009774  _system_pre_init                 
0     00009776  _system_post_cinit               
1     00004000  EPwm1Regs                        
1     00004100  EPwm2Regs                        
1     00004200  EPwm3Regs                        
1     00004300  EPwm4Regs                        
1     0005d300  CpuSysRegs                       
abs   00000200  __TI_STACK_SIZE                  
abs   ffffffff  __TI_pprof_out_hndl              
abs   ffffffff  __TI_prof_data_size              
abs   ffffffff  __TI_prof_data_start             
n/a   UNDEFED   __c_args__                       

[87 symbols]
